******************************************************************************
                  MSP430 Linker PC v15.12.1                    
******************************************************************************
>> Linked Fri Jun 24 16:27:15 2016

OUTPUT FILE NAME:   <vittore.out>
ENTRY POINT SYMBOL: "_c_int00_noargs_noexit"  address: 00005e4c


MEMORY CONFIGURATION

         name            origin    length      used     unused   attr    fill
----------------------  --------  ---------  --------  --------  ----  --------
  SFR                   00000000   00000010  00000000  00000010  RWIX
  PERIPHERALS_8BIT      00000010   000000f0  00000000  000000f0  RWIX
  PERIPHERALS_16BIT     00000100   00000100  00000000  00000100  RWIX
  INFOD                 00001800   00000080  00000000  00000080  RWIX
  INFOC                 00001880   00000080  00000000  00000080  RWIX
  INFOB                 00001900   00000080  00000000  00000080  RWIX
  INFOA                 00001980   00000080  00000000  00000080  RWIX
  RAM                   00001c00   00004000  00000bac  00003454  RWIX
  FLASH                 00005c00   0000a380  000006ed  00009c93  RWIX
  INT00                 0000ff80   00000002  00000000  00000002  RWIX
  INT01                 0000ff82   00000002  00000000  00000002  RWIX
  INT02                 0000ff84   00000002  00000000  00000002  RWIX
  INT03                 0000ff86   00000002  00000000  00000002  RWIX
  INT04                 0000ff88   00000002  00000000  00000002  RWIX
  INT05                 0000ff8a   00000002  00000000  00000002  RWIX
  INT06                 0000ff8c   00000002  00000000  00000002  RWIX
  INT07                 0000ff8e   00000002  00000000  00000002  RWIX
  INT08                 0000ff90   00000002  00000000  00000002  RWIX
  INT09                 0000ff92   00000002  00000000  00000002  RWIX
  INT10                 0000ff94   00000002  00000000  00000002  RWIX
  INT11                 0000ff96   00000002  00000000  00000002  RWIX
  INT12                 0000ff98   00000002  00000000  00000002  RWIX
  INT13                 0000ff9a   00000002  00000000  00000002  RWIX
  INT14                 0000ff9c   00000002  00000000  00000002  RWIX
  INT15                 0000ff9e   00000002  00000000  00000002  RWIX
  INT16                 0000ffa0   00000002  00000000  00000002  RWIX
  INT17                 0000ffa2   00000002  00000000  00000002  RWIX
  INT18                 0000ffa4   00000002  00000000  00000002  RWIX
  INT19                 0000ffa6   00000002  00000000  00000002  RWIX
  INT20                 0000ffa8   00000002  00000000  00000002  RWIX
  INT21                 0000ffaa   00000002  00000000  00000002  RWIX
  INT22                 0000ffac   00000002  00000000  00000002  RWIX
  INT23                 0000ffae   00000002  00000000  00000002  RWIX
  INT24                 0000ffb0   00000002  00000000  00000002  RWIX
  INT25                 0000ffb2   00000002  00000000  00000002  RWIX
  INT26                 0000ffb4   00000002  00000000  00000002  RWIX
  INT27                 0000ffb6   00000002  00000000  00000002  RWIX
  INT28                 0000ffb8   00000002  00000000  00000002  RWIX
  INT29                 0000ffba   00000002  00000000  00000002  RWIX
  INT30                 0000ffbc   00000002  00000000  00000002  RWIX
  INT31                 0000ffbe   00000002  00000000  00000002  RWIX
  INT32                 0000ffc0   00000002  00000000  00000002  RWIX
  INT33                 0000ffc2   00000002  00000000  00000002  RWIX
  INT34                 0000ffc4   00000002  00000000  00000002  RWIX
  INT35                 0000ffc6   00000002  00000000  00000002  RWIX
  INT36                 0000ffc8   00000002  00000000  00000002  RWIX
  INT37                 0000ffca   00000002  00000000  00000002  RWIX
  INT38                 0000ffcc   00000002  00000000  00000002  RWIX
  INT39                 0000ffce   00000002  00000000  00000002  RWIX
  INT40                 0000ffd0   00000002  00000000  00000002  RWIX
  INT41                 0000ffd2   00000002  00000002  00000000  RWIX
  INT42                 0000ffd4   00000002  00000002  00000000  RWIX
  INT43                 0000ffd6   00000002  00000002  00000000  RWIX
  INT44                 0000ffd8   00000002  00000002  00000000  RWIX
  INT45                 0000ffda   00000002  00000002  00000000  RWIX
  INT46                 0000ffdc   00000002  00000002  00000000  RWIX
  INT47                 0000ffde   00000002  00000002  00000000  RWIX
  INT48                 0000ffe0   00000002  00000002  00000000  RWIX
  INT49                 0000ffe2   00000002  00000002  00000000  RWIX
  INT50                 0000ffe4   00000002  00000002  00000000  RWIX
  INT51                 0000ffe6   00000002  00000002  00000000  RWIX
  INT52                 0000ffe8   00000002  00000002  00000000  RWIX
  INT53                 0000ffea   00000002  00000002  00000000  RWIX
  INT54                 0000ffec   00000002  00000002  00000000  RWIX
  INT55                 0000ffee   00000002  00000002  00000000  RWIX
  INT56                 0000fff0   00000002  00000002  00000000  RWIX
  INT57                 0000fff2   00000002  00000002  00000000  RWIX
  INT58                 0000fff4   00000002  00000002  00000000  RWIX
  INT59                 0000fff6   00000002  00000002  00000000  RWIX
  INT60                 0000fff8   00000002  00000002  00000000  RWIX
  INT61                 0000fffa   00000002  00000002  00000000  RWIX
  INT62                 0000fffc   00000002  00000002  00000000  RWIX
  RESET                 0000fffe   00000002  00000002  00000000  RWIX
  FLASH2                00010000   00015c00  00006114  0000faec  RWIX


SECTION ALLOCATION MAP

 output                                  attributes/
section   page    origin      length       input sections
--------  ----  ----------  ----------   ----------------
.bss       0    00001c00    00000a74     UNINITIALIZED
                  00001c00    00000410     (.common:oldGPSStrings)
                  00002010    00000400     GPS.obj (.bss:RecvBufferGps)
                  00002410    00000104     (.common:GpsInformation)
                  00002514    00000080     GPS.obj (.bss:TransBufferGps)
                  00002594    00000048     (.common:buttonList)
                  000025dc    00000020     (.common:engine)
                  000025fc    00000014     (.common:__screenbuffer)
                  00002610    00000014     (.common:__screenbuffer2)
                  00002624    00000012     (.common:ADC)
                  00002636    00000010     (.common:idles)
                  00002646    0000000c     (.common:now)
                  00002652    00000008     GPS.obj (.bss)
                  0000265a    00000006     bms.obj (.bss)
                  00002660    00000006     (.common:defaultSunrise)
                  00002666    00000006     (.common:defaultSunset)
                  0000266c    00000002     main.obj (.bss)
                  0000266e    00000002     (.common:GpsMsgOk)
                  00002670    00000002     (.common:GpsStateCountdown)
                  00002672    00000002     (.common:oldGPSStringsIndex)

.data      0    00002674    00000098     UNINITIALIZED
                  00002674    00000080     config.obj (.data)
                  000026f4    00000008     lcd.obj (.data:OLED_new_line)
                  000026fc    00000006     main.obj (.data)
                  00002702    00000004     lcd.obj (.data)
                  00002706    00000002     AtoD.obj (.data)
                  00002708    00000002     engineController.obj (.data)
                  0000270a    00000002     rts430x_lc_rd_eabi.lib : errno.obj (.data)

.stack     0    00005b60    000000a0     UNINITIALIZED
                  00005b60    00000004     rts430x_lc_rd_eabi.lib : boot.obj (.stack)
                  00005b64    0000009c     --HOLE--

.text:_isr 
*          0    00005c00    0000026e     
                  00005c00    000000ee     AtoD.obj (.text:_isr:ADC12_ISR)
                  00005cee    000000e4     GPS.obj (.text:_isr:USCI_A0_ISR)
                  00005dd2    00000054     main.obj (.text:_isr:Timer_A)
                  00005e26    00000026     main.obj (.text:_isr:Port_2)
                  00005e4c    0000001a     rts430x_lc_rd_eabi.lib : boot_special.obj (.text:_isr:_c_int00_noargs_noexit)
                  00005e66    00000008                            : isr_trap.obj (.text:_isr:__TI_ISR_TRAP)

.cinit     0    0000626a    00000084     
                  0000626a    0000005f     (.cinit..data.load) [load image, compression = rle]
                  000062c9    00000001     --HOLE-- [fill = 0]
                  000062ca    0000000b     (.cinit..bss.load) [load image, compression = rle]
                  000062d5    00000001     --HOLE-- [fill = 0]
                  000062d6    00000008     (__TI_handler_table)
                  000062de    00000010     (__TI_cinit_table)

.init_array 
*          0    00005c00    00000000     UNINITIALIZED

.const     0    00005e6e    000003fb     
                  00005e6e    00000101     rts430x_lc_rd_eabi.lib : ctype.obj (.const:.string:_ctypes_)
                  00005f6f    00000001     --HOLE-- [fill = 0]
                  00005f70    00000056     GPS.obj (.const:.string)
                  00005fc6    00000026     rts430x_lc_rd_eabi.lib : _printfi.obj (.const:.string)
                  00005fec    00000018     engineController.obj (.const:$P$T1$2)
                  00006004    00000015     lcd.obj (.const:.string:emptyLine_char)
                  00006019    00000001     --HOLE-- [fill = 0]
                  0000601a    00000015     lcd.obj (.const:.string:li0)
                  0000602f    00000001     --HOLE-- [fill = 0]
                  00006030    00000015     lcd.obj (.const:.string:li1)
                  00006045    00000001     --HOLE-- [fill = 0]
                  00006046    00000015     lcd.obj (.const:.string:modename0)
                  0000605b    00000001     --HOLE-- [fill = 0]
                  0000605c    00000015     lcd.obj (.const:.string:modename1)
                  00006071    00000001     --HOLE-- [fill = 0]
                  00006072    00000015     lcd.obj (.const:.string:modename2)
                  00006087    00000001     --HOLE-- [fill = 0]
                  00006088    00000015     lcd.obj (.const:.string:msg12)
                  0000609d    00000001     --HOLE-- [fill = 0]
                  0000609e    00000015     lcd.obj (.const:.string:msg13)
                  000060b3    00000001     --HOLE-- [fill = 0]
                  000060b4    00000015     lcd.obj (.const:.string:msg14)
                  000060c9    00000001     --HOLE-- [fill = 0]
                  000060ca    00000015     lcd.obj (.const:.string:msg15)
                  000060df    00000001     --HOLE-- [fill = 0]
                  000060e0    00000015     lcd.obj (.const:.string:msg16)
                  000060f5    00000001     --HOLE-- [fill = 0]
                  000060f6    00000015     lcd.obj (.const:.string:msg17)
                  0000610b    00000001     --HOLE-- [fill = 0]
                  0000610c    00000015     lcd.obj (.const:.string:msg18)
                  00006121    00000001     --HOLE-- [fill = 0]
                  00006122    00000015     lcd.obj (.const:.string:msg19)
                  00006137    00000001     --HOLE-- [fill = 0]
                  00006138    00000015     lcd.obj (.const:.string:msg1)
                  0000614d    00000001     --HOLE-- [fill = 0]
                  0000614e    00000015     lcd.obj (.const:.string:msg20)
                  00006163    00000001     --HOLE-- [fill = 0]
                  00006164    00000015     lcd.obj (.const:.string:msg2)
                  00006179    00000001     --HOLE-- [fill = 0]
                  0000617a    00000015     lcd.obj (.const:.string:msg3)
                  0000618f    00000001     --HOLE-- [fill = 0]
                  00006190    00000015     lcd.obj (.const:.string:msg4)
                  000061a5    00000001     --HOLE-- [fill = 0]
                  000061a6    00000015     lcd.obj (.const:.string:msg5)
                  000061bb    00000001     --HOLE-- [fill = 0]
                  000061bc    00000015     lcd.obj (.const:.string:msg6)
                  000061d1    00000001     --HOLE-- [fill = 0]
                  000061d2    00000010     engineController.obj (.const:$P$T0$1)
                  000061e2    00000010     lcd.obj (.const:.string:bt_tmp_string)
                  000061f2    00000010     lcd.obj (.const:.string:int_tmp_string)
                  00006202    0000000c     button.obj (.const:$P$T0$1)
                  0000620e    0000000c     button.obj (.const:$P$T1$2)
                  0000621a    0000000c     button.obj (.const:$P$T2$3)
                  00006226    0000000c     button.obj (.const:$P$T3$4)
                  00006232    0000000c     button.obj (.const:$P$T4$5)
                  0000623e    0000000c     button.obj (.const:$P$T5$6)
                  0000624a    0000000c     lcd.obj (.const:modeArray)
                  00006256    00000006     lcd.obj (.const:.string)
                  0000625c    00000003     lcd.obj (.const:.string:VOLT_char)
                  0000625f    00000001     --HOLE-- [fill = 0]
                  00006260    00000002     lcd.obj (.const:.string:colon_char)
                  00006262    00000002     lcd.obj (.const:.string:slash_char)
                  00006264    00000002     lcd.obj (.const:.string:space_char)
                  00006266    00000002     lcd.obj (.const:.string:zero_char)
                  00006268    00000001     lcd.obj (.const:.string:empty_char)

RTC        0    0000ffd2    00000002     
                  0000ffd2    00000002     rts430x_lc_rd_eabi.lib : int41.obj (.int41)

PORT2      0    0000ffd4    00000002     
                  0000ffd4    00000002     main.obj (.int42)

USCI_B3    0    0000ffd6    00000002     
                  0000ffd6    00000002     rts430x_lc_rd_eabi.lib : int43.obj (.int43)

USCI_A3    0    0000ffd8    00000002     
                  0000ffd8    00000002     rts430x_lc_rd_eabi.lib : int44.obj (.int44)

USCI_B1    0    0000ffda    00000002     
                  0000ffda    00000002     rts430x_lc_rd_eabi.lib : int45.obj (.int45)

USCI_A1    0    0000ffdc    00000002     
                  0000ffdc    00000002     rts430x_lc_rd_eabi.lib : int46.obj (.int46)

PORT1      0    0000ffde    00000002     
                  0000ffde    00000002     rts430x_lc_rd_eabi.lib : int47.obj (.int47)

TIMER1_A1 
*          0    0000ffe0    00000002     
                  0000ffe0    00000002     rts430x_lc_rd_eabi.lib : int48.obj (.int48)

TIMER1_A0 
*          0    0000ffe2    00000002     
                  0000ffe2    00000002     rts430x_lc_rd_eabi.lib : int49.obj (.int49)

DMA        0    0000ffe4    00000002     
                  0000ffe4    00000002     rts430x_lc_rd_eabi.lib : int50.obj (.int50)

USCI_B2    0    0000ffe6    00000002     
                  0000ffe6    00000002     rts430x_lc_rd_eabi.lib : int51.obj (.int51)

USCI_A2    0    0000ffe8    00000002     
                  0000ffe8    00000002     rts430x_lc_rd_eabi.lib : int52.obj (.int52)

TIMER0_A1 
*          0    0000ffea    00000002     
                  0000ffea    00000002     rts430x_lc_rd_eabi.lib : int53.obj (.int53)

TIMER0_A0 
*          0    0000ffec    00000002     
                  0000ffec    00000002     main.obj (.int54)

ADC12      0    0000ffee    00000002     
                  0000ffee    00000002     AtoD.obj (.int55)

USCI_B0    0    0000fff0    00000002     
                  0000fff0    00000002     rts430x_lc_rd_eabi.lib : int56.obj (.int56)

USCI_A0    0    0000fff2    00000002     
                  0000fff2    00000002     GPS.obj (.int57)

WDT        0    0000fff4    00000002     
                  0000fff4    00000002     rts430x_lc_rd_eabi.lib : int58.obj (.int58)

TIMER0_B1 
*          0    0000fff6    00000002     
                  0000fff6    00000002     rts430x_lc_rd_eabi.lib : int59.obj (.int59)

TIMER0_B0 
*          0    0000fff8    00000002     
                  0000fff8    00000002     rts430x_lc_rd_eabi.lib : int60.obj (.int60)

UNMI       0    0000fffa    00000002     
                  0000fffa    00000002     rts430x_lc_rd_eabi.lib : int61.obj (.int61)

SYSNMI     0    0000fffc    00000002     
                  0000fffc    00000002     rts430x_lc_rd_eabi.lib : int62.obj (.int62)

.reset     0    0000fffe    00000002     
                  0000fffe    00000002     rts430x_lc_rd_eabi.lib : boot.obj (.reset)

.text      0    00010000    00006114     
                  00010000    00000486     rts430x_lc_rd_eabi.lib : frcdivd.obj (.text:__TI_frcdivd)
                  00010486    00000372                            : div64u.obj (.text:__mspabi_divull)
                  000107f8    000002e4                            : frcmpyd.obj (.text:__TI_frcmpyd)
                  00010adc    000002d8                            : addd.obj (.text:__mspabi_addd)
                  00010db4    00000282                            : mpyd.obj (.text:__mspabi_mpyd)
                  00011036    00000262                            : _printfi.obj (.text:_setfield)
                  00011298    00000252                            : frcaddd.obj (.text:__TI_frcaddd)
                  000114ea    00000248                            : _printfi.obj (.text:_pproc_fgea)
                  00011732    0000023c                            : _printfi.obj (.text:__TI_printfi)
                  0001196e    00000232     GPS.obj (.text:GpsDecode)
                  00011ba0    00000224     rts430x_lc_rd_eabi.lib : _printfi.obj (.text:acvt)
                  00011dc4    00000222                            : divd.obj (.text:__mspabi_divd)
                  00011fe6    00000218     button.obj (.text:button_stateMachine)
                  000121fe    00000218     rts430x_lc_rd_eabi.lib : _printfi.obj (.text:ecvt)
                  00012416    00000202                            : _printfi.obj (.text:fcvt)
                  00012618    000001e0     engineController.obj (.text:set_Engine_State)
                  000127f8    000001b0     lcd.obj (.text:DIAG_showVoltage)
                  000129a8    000001a4     rts430x_lc_rd_eabi.lib : _printfi.obj (.text:_pconv_e)
                  00012b4c    000001a0                            : s_scalbn.obj (.text:scalbn)
                  00012cec    0000018a     main.obj (.text:main)
                  00012e76    00000188     rts430x_lc_rd_eabi.lib : _printfi.obj (.text:_getarg_diouxp)
                  00012ffe    00000178     lcd.obj (.text:DIAG_showDate)
                  00013176    0000016e     rts430x_lc_rd_eabi.lib : _printfi.obj (.text:_pconv_a)
                  000132e4    00000148                            : _printfi.obj (.text:_pproc_diouxp)
                  0001342c    00000136     lcd.obj (.text:Norm_showStateCode)
                  00013562    00000132     rts430x_lc_rd_eabi.lib : fs_add.obj (.text)
                  00013694    0000012e     lcd.obj (.text:InitializeDisplay)
                  000137c2    0000012e     Common.obj (.text:itoa)
                  000138f0    0000012e     engineController.obj (.text:store_idleTime)
                  00013a1e    00000128     rts430x_lc_rd_eabi.lib : _printfi.obj (.text:_ltostr)
                  00013b46    00000124     Hardware.obj (.text:ConfigurePins)
                  00013c6a    00000102     bms.obj (.text:check_BatteryBox_Status)
                  00013d6c    00000102     mast.obj (.text:mast_stateMachine)
                  00013e6e    000000fc     rts430x_lc_rd_eabi.lib : _printfi.obj (.text:_pconv_g)
                  00013f6a    000000fa                            : _printfi.obj (.text:_pproc_fwp)
                  00014064    000000f8     engineController.obj (.text:check_Engine_Status)
                  0001415c    000000da     button.obj (.text:buildButtonStateMachine)
                  00014236    000000d8     GPS.obj (.text:SendNMEACmd)
                  0001430e    000000d8     rts430x_lc_rd_eabi.lib : cmpd.obj (.text:__mspabi_cmpd)
                  000143e6    000000cc     AtoD.obj (.text:loadAnalogData)
                  000144b2    000000c4     main.obj (.text:isQuietTime)
                  00014576    000000b8     rts430x_lc_rd_eabi.lib : fs_mpy.obj (.text)
                  0001462e    000000b2     lcd.obj (.text:OLED_sendByte)
                  000146e0    000000b2     rts430x_lc_rd_eabi.lib : renormd.obj (.text:__TI_renormd)
                  00014792    000000b2                            : s_frexp.obj (.text:frexp)
                  00014844    000000a6                            : _printfi.obj (.text:_pproc_str)
                  000148ea    0000009e                            : fltlid.obj (.text:__mspabi_fltlid)
                  00014988    00000094                            : _printfi.obj (.text:_ecpy)
                  00014a1c    00000092     main.obj (.text:inc_secondCounts)
                  00014aae    00000090     rts430x_lc_rd_eabi.lib : _printfi.obj (.text:_mcpy)
                  00014b3e    00000090                            : fs_div.obj (.text)
                  00014bce    0000008e     lcd.obj (.text:DIAG_showBatteryTemp)
                  00014c5c    0000008c     rts430x_lc_rd_eabi.lib : cvtdf.obj (.text:__mspabi_cvtdf)
                  00014ce8    00000084     lcd.obj (.text:DIAG_showInternalTemp)
                  00014d6c    00000082     rts430x_lc_rd_eabi.lib : autoinit_wdt.obj (.text:_auto_init_hold_wdt)
                  00014dee    00000080                            : fltuld.obj (.text:__mspabi_fltuld)
                  00014e6e    00000080                            : ltoa.obj (.text:ltoa)
                  00014eee    00000078                            : _printfi.obj (.text:_pconv_f)
                  00014f66    00000074     mast.obj (.text:mastUpDown)
                  00014fda    0000006e     AtoD.obj (.text:ConfigureA2D)
                  00015048    0000006e     rts430x_lc_rd_eabi.lib : cvtfd.obj (.text:__mspabi_cvtfd)
                  000150b6    0000006c     GPS.obj (.text:GetGpsIdx)
                  00015122    00000068     rts430x_lc_rd_eabi.lib : copy_decompress_rle.obj (.text:__TI_decompress_rle_core)
                  0001518a    00000068                            : fs_toi.obj (.text)
                  000151f2    00000068     lcd.obj (.text:updateDisplay)
                  0001525a    00000066     rts430x_lc_rd_eabi.lib : fixdli.obj (.text:__mspabi_fixdli)
                  000152c0    00000066                            : cpy_tbl.obj (.text:copy_in)
                  00015326    00000062                            : atoi.obj (.text:atoi)
                  00015388    0000005e     MCP7940N.obj (.text:InitializeRTC)
                  000153e6    0000005a     AtoD.obj (.text:ConvertInternalTempToCelcius)
                  00015440    0000005a     lcd.obj (.text:OLED_command)
                  0001549a    00000058     lcd.obj (.text:OLED_data)
                  000154f2    00000058     Hardware.obj (.text:SetVcoreUp)
                  0001554a    00000058     rts430x_lc_rd_eabi.lib : div32u.obj (.text)
                  000155a2    00000052     main.obj (.text:handle_unitModeIndicator)
                  000155f4    00000050     engineController.obj (.text:InitializeEngine)
                  00015644    0000004e     rts430x_lc_rd_eabi.lib : _printfi.obj (.text:_fcpy)
                  00015692    0000004a     timeDate.obj (.text:datetime)
                  000156dc    0000004a     rts430x_lc_rd_eabi.lib : fs_ltof.obj (.text)
                  00015726    00000048     Hardware.obj (.text:ConfigureCrystals)
                  0001576e    00000048     lcd.obj (.text:OLED_writeLine)
                  000157b6    00000048     main.obj (.text:handle_lighting)
                  000157fe    00000044     rts430x_lc_rd_eabi.lib : sprintf.obj (.text:sprintf)
                  00015842    00000044     timeDate.obj (.text:time)
                  00015886    00000042     engineController.obj (.text:handle_oilchangeClear)
                  000158c8    00000040     Common.obj (.text:asctohex)
                  00015908    00000040     rts430x_lc_rd_eabi.lib : div32s.obj (.text)
                  00015948    0000003e                            : asr32.obj (.text:l_asr_const)
                  00015986    0000003e                            : lsl32.obj (.text:l_lsl_const)
                  000159c4    0000003e                            : lsr32.obj (.text:l_lsr_const)
                  00015a02    0000003c     lcd.obj (.text:OLED_clockCycle)
                  00015a3e    0000003a     rts430x_lc_rd_eabi.lib : lsl64.obj (.text:__mspabi_sllll)
                  00015a78    0000003a                            : lsr64.obj (.text:__mspabi_srlll)
                  00015ab2    0000003a     bms.obj (.text:setContactor)
                  00015aec    00000038     GPS.obj (.text:InitializeGPS)
                  00015b24    00000036     bms.obj (.text:setBatteryHeater)
                  00015b5a    00000032     rts430x_lc_rd_eabi.lib : subd.obj (.text:__mspabi_subd)
                  00015b8c    00000032     mast.obj (.text:handle_reset)
                  00015bbe    0000002e     lcd.obj (.text:Norm_showCompanyName)
                  00015bec    0000002e     rts430x_lc_rd_eabi.lib : negd.obj (.text:__mspabi_negd)
                  00015c1a    0000002e                            : s_copysign.obj (.text:copysign)
                  00015c48    0000002e     main.obj (.text:handleSystemFailEvent)
                  00015c76    0000002c     rts430x_lc_rd_eabi.lib : div16s.obj (.text)
                  00015ca2    0000002c     bms.obj (.text:setEngineRun)
                  00015cce    0000002a     GPS.obj (.text:ConfigureGPSSerialPort)
                  00015cf8    00000028     GPS.obj (.text:ResetGPSRxBuffer)
                  00015d20    00000028     rts430x_lc_rd_eabi.lib : fixdi.obj (.text:__mspabi_fixdi)
                  00015d48    00000026     main.obj (.text:setLightsState)
                  00015d6e    00000024     MCP7940N.obj (.text:RTC_now)
                  00015d92    00000024     GPS.obj (.text:handleGPSevent)
                  00015db6    00000024     rts430x_lc_rd_eabi.lib : fs_utof.obj (.text)
                  00015dda    00000024                            : mult32_f5hw.obj (.text)
                  00015dfe    00000022     lcd.obj (.text:Norm_showMode)
                  00015e20    00000022     lcd.obj (.text:OLED_clearDisplay)
                  00015e42    00000022     MCP7940N.obj (.text:RTC_adjust)
                  00015e64    00000020     rts430x_lc_rd_eabi.lib : sprintf.obj (.text:_outs)
                  00015e84    00000020     lcd.obj (.text:clearLine)
                  00015ea4    0000001e     main.obj (.text:handleCabinetHeating)
                  00015ec2    0000001e     rts430x_lc_rd_eabi.lib : memccpy.obj (.text:memccpy)
                  00015ee0    0000001e                            : strcat.obj (.text:strcat)
                  00015efe    0000001c                            : strchr.obj (.text:strchr)
                  00015f1a    00000018     Hardware.obj (.text:ConfigureTimerA0)
                  00015f32    00000018     engineController.obj (.text:buildIdleArray)
                  00015f4a    00000018     rts430x_lc_rd_eabi.lib : mult16_f5hw.obj (.text)
                  00015f62    00000016     Hardware.obj (.text:InitializeHardware)
                  00015f78    00000016     Common.obj (.text:clearStateCode)
                  00015f8e    00000016     rts430x_lc_rd_eabi.lib : memset.obj (.text:memset)
                  00015fa4    00000016                            : div16u.obj (.text)
                  00015fba    00000014                            : sprintf.obj (.text:_outc)
                  00015fce    00000014     main.obj (.text:handleLowFuelEvent)
                  00015fe2    00000014     rts430x_lc_rd_eabi.lib : memcpy.obj (.text:memcpy)
                  00015ff6    00000014     Common.obj (.text:setStateCode)
                  0001600a    00000012     rts430x_lc_rd_eabi.lib : copy_decompress_none.obj (.text:decompress:none:__TI_decompress_none)
                  0001601c    00000012     main.obj (.text:enterLowPowerMode)
                  0001602e    00000012     rts430x_lc_rd_eabi.lib : strcpy.obj (.text:strcpy)
                  00016040    00000012                            : toupper.obj (.text:toupper)
                  00016052    00000010     GPS.obj (.text:ConfigureGPSNmeaOutput)
                  00016062    00000010     rts430x_lc_rd_eabi.lib : asr32.obj (.text:l_asr)
                  00016072    00000010                            : lsl32.obj (.text:l_lsl)
                  00016082    00000010                            : lsr32.obj (.text:l_lsr)
                  00016092    0000000e     engineController.obj (.text:checkEngineRPMs)
                  000160a0    0000000e     rts430x_lc_rd_eabi.lib : strlen.obj (.text:strlen)
                  000160ae    0000000c                            : fltid.obj (.text:__mspabi_fltid)
                  000160ba    0000000a                            : abs.obj (.text:abs)
                  000160c4    0000000a     mast.obj (.text:sleepModeProcess)
                  000160ce    00000008     WatchdogTimerControl.obj (.text:WdtDisable)
                  000160d6    00000008     WatchdogTimerControl.obj (.text:WdtEnable)
                  000160de    00000008     WatchdogTimerControl.obj (.text:WdtKeepAlive)
                  000160e6    00000008     engineController.obj (.text:checkOilPressure)
                  000160ee    00000006     Hardware.obj (.text:StopTimerA0)
                  000160f4    00000006     rts430x_lc_rd_eabi.lib : fltud.obj (.text:__mspabi_fltud)
                  000160fa    00000006                            : exit.obj (.text:abort)
                  00016100    00000006                            : copy_decompress_rle.obj (.text:decompress:rle24:__TI_decompress_rle24)
                  00016106    00000004     MCP7940N.obj (.text:RTC_isRunning)
                  0001610a    00000004     MCP7940N.obj (.text:RTC_lostTime)
                  0001610e    00000004     rts430x_lc_rd_eabi.lib : pre_init.obj (.text:_system_pre_init)
                  00016112    00000002                            : startup.obj (.text:_system_post_cinit)

MODULE SUMMARY

       Module                     code    ro data   rw data
       ------                     ----    -------   -------
    .\
       GPS.obj                    1304    88        2466   
       lcd.obj                    2432    503       52     
       engineController.obj       1222    40        2      
       main.obj                   1164    4         20     
       button.obj                 754     72        0      
       AtoD.obj                   642     2         152    
       Hardware.obj               504     0         0      
       mast.obj                   434     0         0      
       bms.obj                    414     0         6      
       Common.obj                 408     0         0      
       MCP7940N.obj               172     0         0      
       timeDate.obj               142     0         0      
       config.obj                 0       0         128    
       WatchdogTimerControl.obj   24      0         0      
    +--+--------------------------+-------+---------+---------+
       Total:                     9616    709       2826   
                                                           
    C:\ti\ccsv6\tools\compiler\ti-cgt-msp430_15.12.1.LTS\lib\rts430x_lc_rd_eabi.lib
       _printfi.obj               6324    38        0      
       frcdivd.obj                1158    0         0      
       div64u.obj                 882     0         0      
       frcmpyd.obj                740     0         0      
       addd.obj                   728     0         0      
       mpyd.obj                   642     0         0      
       frcaddd.obj                594     0         0      
       divd.obj                   546     0         0      
       s_scalbn.obj               416     0         0      
       fs_add.obj                 306     0         0      
       ctype.obj                  0       257       0      
       cmpd.obj                   216     0         0      
       fs_mpy.obj                 184     0         0      
       renormd.obj                178     0         0      
       s_frexp.obj                178     0         0      
       fltlid.obj                 158     0         0      
       fs_div.obj                 144     0         0      
       cvtdf.obj                  140     0         0      
       autoinit_wdt.obj           130     0         0      
       fltuld.obj                 128     0         0      
       ltoa.obj                   128     0         0      
       sprintf.obj                120     0         0      
       copy_decompress_rle.obj    110     0         0      
       cvtfd.obj                  110     0         0      
       fs_toi.obj                 104     0         0      
       cpy_tbl.obj                102     0         0      
       fixdli.obj                 102     0         0      
       atoi.obj                   98      0         0      
       div32u.obj                 88      0         0      
       asr32.obj                  78      0         0      
       lsl32.obj                  78      0         0      
       lsr32.obj                  78      0         0      
       fs_ltof.obj                74      0         0      
       div32s.obj                 64      0         0      
       lsl64.obj                  58      0         0      
       lsr64.obj                  58      0         0      
       subd.obj                   50      0         0      
       negd.obj                   46      0         0      
       s_copysign.obj             46      0         0      
       div16s.obj                 44      0         0      
       fixdi.obj                  40      0         0      
       fs_utof.obj                36      0         0      
       mult32_f5hw.obj            36      0         0      
       memccpy.obj                30      0         0      
       strcat.obj                 30      0         0      
       strchr.obj                 28      0         0      
       boot_special.obj           26      0         0      
       mult16_f5hw.obj            24      0         0      
       div16u.obj                 22      0         0      
       memset.obj                 22      0         0      
       memcpy.obj                 20      0         0      
       copy_decompress_none.obj   18      0         0      
       strcpy.obj                 18      0         0      
       toupper.obj                18      0         0      
       strlen.obj                 14      0         0      
       fltid.obj                  12      0         0      
       abs.obj                    10      0         0      
       isr_trap.obj               8       0         0      
       exit.obj                   6       0         0      
       fltud.obj                  6       0         0      
       pre_init.obj               4       0         0      
       boot.obj                   0       2         0      
       errno.obj                  0       0         2      
       int41.obj                  0       2         0      
       int43.obj                  0       2         0      
       int44.obj                  0       2         0      
       int45.obj                  0       2         0      
       int46.obj                  0       2         0      
       int47.obj                  0       2         0      
       int48.obj                  0       2         0      
       int49.obj                  0       2         0      
       int50.obj                  0       2         0      
       int51.obj                  0       2         0      
       int52.obj                  0       2         0      
       int53.obj                  0       2         0      
       int56.obj                  0       2         0      
       int58.obj                  0       2         0      
       int59.obj                  0       2         0      
       int60.obj                  0       2         0      
       int61.obj                  0       2         0      
       int62.obj                  0       2         0      
       startup.obj                2       0         0      
    +--+--------------------------+-------+---------+---------+
       Total:                     15858   333       2      
                                                           
       Stack:                     0       0         160    
       Linker Generated:          0       130       0      
    +--+--------------------------+-------+---------+---------+
       Grand Total:               25474   1172      2988   


LINKER GENERATED COPY TABLES

__TI_cinit_table @ 000062de records: 2, size/record: 8, table size: 16
	.data: load addr=0000626a, load size=0000005f bytes, run addr=00002674, run size=00000098 bytes, compression=rle
	.bss: load addr=000062ca, load size=0000000b bytes, run addr=00001c00, run size=00000a74 bytes, compression=rle


LINKER GENERATED HANDLER TABLE

__TI_handler_table @ 000062d6 records: 2, size/record: 4, table size: 8
	index: 0, handler: __TI_decompress_rle24
	index: 1, handler: __TI_decompress_none


GLOBAL SYMBOLS: SORTED ALPHABETICALLY BY Name 

address   name                        
-------   ----                        
00002624  ADC                         
00000700  ADC12CTL0                   
00000701  ADC12CTL0_H                 
00000700  ADC12CTL0_L                 
00000702  ADC12CTL1                   
00000703  ADC12CTL1_H                 
00000702  ADC12CTL1_L                 
00000704  ADC12CTL2                   
00000705  ADC12CTL2_H                 
00000704  ADC12CTL2_L                 
0000070c  ADC12IE                     
0000070d  ADC12IE_H                   
0000070c  ADC12IE_L                   
0000070a  ADC12IFG                    
0000070b  ADC12IFG_H                  
0000070a  ADC12IFG_L                  
0000070e  ADC12IV                     
0000070f  ADC12IV_H                   
0000070e  ADC12IV_L                   
00000710  ADC12MCTL0                  
00000711  ADC12MCTL1                  
0000071a  ADC12MCTL10                 
0000071b  ADC12MCTL11                 
0000071c  ADC12MCTL12                 
0000071d  ADC12MCTL13                 
0000071e  ADC12MCTL14                 
0000071f  ADC12MCTL15                 
00000712  ADC12MCTL2                  
00000713  ADC12MCTL3                  
00000714  ADC12MCTL4                  
00000715  ADC12MCTL5                  
00000716  ADC12MCTL6                  
00000717  ADC12MCTL7                  
00000718  ADC12MCTL8                  
00000719  ADC12MCTL9                  
00000720  ADC12MEM0                   
00000721  ADC12MEM0_H                 
00000720  ADC12MEM0_L                 
00000722  ADC12MEM1                   
00000734  ADC12MEM10                  
00000735  ADC12MEM10_H                
00000734  ADC12MEM10_L                
00000736  ADC12MEM11                  
00000737  ADC12MEM11_H                
00000736  ADC12MEM11_L                
00000738  ADC12MEM12                  
00000739  ADC12MEM12_H                
00000738  ADC12MEM12_L                
0000073a  ADC12MEM13                  
0000073b  ADC12MEM13_H                
0000073a  ADC12MEM13_L                
0000073c  ADC12MEM14                  
0000073d  ADC12MEM14_H                
0000073c  ADC12MEM14_L                
0000073e  ADC12MEM15                  
0000073f  ADC12MEM15_H                
0000073e  ADC12MEM15_L                
00000723  ADC12MEM1_H                 
00000722  ADC12MEM1_L                 
00000724  ADC12MEM2                   
00000725  ADC12MEM2_H                 
00000724  ADC12MEM2_L                 
00000726  ADC12MEM3                   
00000727  ADC12MEM3_H                 
00000726  ADC12MEM3_L                 
00000728  ADC12MEM4                   
00000729  ADC12MEM4_H                 
00000728  ADC12MEM4_L                 
0000072a  ADC12MEM5                   
0000072b  ADC12MEM5_H                 
0000072a  ADC12MEM5_L                 
0000072c  ADC12MEM6                   
0000072d  ADC12MEM6_H                 
0000072c  ADC12MEM6_L                 
0000072e  ADC12MEM7                   
0000072f  ADC12MEM7_H                 
0000072e  ADC12MEM7_L                 
00000730  ADC12MEM8                   
00000731  ADC12MEM8_H                 
00000730  ADC12MEM8_L                 
00000732  ADC12MEM9                   
00000733  ADC12MEM9_H                 
00000732  ADC12MEM9_L                 
00005c00  ADC12_ISR                   
000026da  ATTEMPT_D                   
0000269c  BMS_EVENT                   
000160fa  C$$EXIT                     
000026d2  CRANK_D                     
00000150  CRCDI                       
00000152  CRCDIRB                     
00000153  CRCDIRB_H                   
00000152  CRCDIRB_L                   
00000151  CRCDI_H                     
00000150  CRCDI_L                     
00000154  CRCINIRES                   
00000155  CRCINIRES_H                 
00000154  CRCINIRES_L                 
00000156  CRCRESR                     
00000157  CRCRESR_H                   
00000156  CRCRESR_L                   
00014fda  ConfigureA2D                
00016052  ConfigureGPSNmeaOutput      
00015cce  ConfigureGPSSerialPort      
000153e6  ConvertInternalTempToCelcius
00014bce  DIAG_showBatteryTemp        
00012ffe  DIAG_showDate               
00014ce8  DIAG_showInternalTemp       
000127f8  DIAG_showVoltage            
00000510  DMA0CTL                     
00000511  DMA0CTL_H                   
00000510  DMA0CTL_L                   
00000516  DMA0DA                      
00000518  DMA0DAH                     
00000516  DMA0DAL                     
00000512  DMA0SA                      
00000514  DMA0SAH                     
00000512  DMA0SAL                     
0000051a  DMA0SZ                      
00000520  DMA1CTL                     
00000521  DMA1CTL_H                   
00000520  DMA1CTL_L                   
00000526  DMA1DA                      
00000528  DMA1DAH                     
00000526  DMA1DAL                     
00000522  DMA1SA                      
00000524  DMA1SAH                     
00000522  DMA1SAL                     
0000052a  DMA1SZ                      
00000530  DMA2CTL                     
00000531  DMA2CTL_H                   
00000530  DMA2CTL_L                   
00000536  DMA2DA                      
00000538  DMA2DAH                     
00000536  DMA2DAL                     
00000532  DMA2SA                      
00000534  DMA2SAH                     
00000532  DMA2SAL                     
0000053a  DMA2SZ                      
00000500  DMACTL0                     
00000501  DMACTL0_H                   
00000500  DMACTL0_L                   
00000502  DMACTL1                     
00000503  DMACTL1_H                   
00000502  DMACTL1_L                   
00000504  DMACTL2                     
00000505  DMACTL2_H                   
00000504  DMACTL2_L                   
00000506  DMACTL3                     
00000507  DMACTL3_H                   
00000506  DMACTL3_L                   
00000508  DMACTL4                     
00000509  DMACTL4_H                   
00000508  DMACTL4_L                   
0000050e  DMAIV                       
0000050f  DMAIV_H                     
0000050e  DMAIV_L                     
00000140  FCTL1                       
00000141  FCTL1_H                     
00000140  FCTL1_L                     
00000144  FCTL3                       
00000145  FCTL3_H                     
00000144  FCTL3_L                     
00000146  FCTL4                       
00000147  FCTL4_H                     
00000146  FCTL4_L                     
0001196e  GpsDecode                   
00002410  GpsInformation              
0000266e  GpsMsgOk                    
00002670  GpsStateCountdown           
00013694  InitializeDisplay           
000155f4  InitializeEngine            
00015aec  InitializeGPS               
00015f62  InitializeHardware          
00015388  InitializeRTC               
00002698  LIGHTS1HOUR_TMR             
000004c4  MAC                         
000004da  MAC32H                      
000004db  MAC32H_H                    
000004da  MAC32H_L                    
000004d8  MAC32L                      
000004d9  MAC32L_H                    
000004d8  MAC32L_L                    
000004c6  MACS                        
000004de  MACS32H                     
000004df  MACS32H_H                   
000004de  MACS32H_L                   
000004dc  MACS32L                     
000004dd  MACS32L_H                   
000004dc  MACS32L_L                   
000004c7  MACS_H                      
000004c6  MACS_L                      
000004c5  MAC_H                       
000004c4  MAC_L                       
000004c0  MPY                         
000004ec  MPY32CTL0                   
000004ed  MPY32CTL0_H                 
000004ec  MPY32CTL0_L                 
000004d2  MPY32H                      
000004d3  MPY32H_H                    
000004d2  MPY32H_L                    
000004d0  MPY32L                      
000004d1  MPY32L_H                    
000004d0  MPY32L_L                    
000004c2  MPYS                        
000004d6  MPYS32H                     
000004d7  MPYS32H_H                   
000004d6  MPYS32H_L                   
000004d4  MPYS32L                     
000004d5  MPYS32L_H                   
000004d4  MPYS32L_L                   
000004c3  MPYS_H                      
000004c2  MPYS_L                      
000004c1  MPY_H                       
000004c0  MPY_L                       
00015bbe  Norm_showCompanyName        
00015dfe  Norm_showMode               
0001342c  Norm_showStateCode          
000026b0  OILCHANGE_PRESS_TMR         
00015e20  OLED_clearDisplay           
00015a02  OLED_clockCycle             
00015440  OLED_command                
0001549a  OLED_data                   
000026f4  OLED_new_line               
00002702  OLED_rows                   
0001462e  OLED_sendByte               
0001576e  OLED_writeLine              
000004c8  OP2                         
000004e2  OP2H                        
000004e3  OP2H_H                      
000004e2  OP2H_L                      
000004e0  OP2L                        
000004e1  OP2L_H                      
000004e0  OP2L_L                      
000004c9  OP2_H                       
000004c8  OP2_L                       
0000020e  P1IV                        
0000021e  P2IV                        
00000204  PADIR                       
00000205  PADIR_H                     
00000204  PADIR_L                     
00000208  PADS                        
00000209  PADS_H                      
00000208  PADS_L                      
0000021a  PAIE                        
00000218  PAIES                       
00000219  PAIES_H                     
00000218  PAIES_L                     
0000021b  PAIE_H                      
0000021a  PAIE_L                      
0000021c  PAIFG                       
0000021d  PAIFG_H                     
0000021c  PAIFG_L                     
00000200  PAIN                        
00000201  PAIN_H                      
00000200  PAIN_L                      
00000202  PAOUT                       
00000203  PAOUT_H                     
00000202  PAOUT_L                     
00000206  PAREN                       
00000207  PAREN_H                     
00000206  PAREN_L                     
0000020a  PASEL                       
0000020b  PASEL_H                     
0000020a  PASEL_L                     
00000224  PBDIR                       
00000225  PBDIR_H                     
00000224  PBDIR_L                     
00000228  PBDS                        
00000229  PBDS_H                      
00000228  PBDS_L                      
00000220  PBIN                        
00000221  PBIN_H                      
00000220  PBIN_L                      
00000222  PBOUT                       
00000223  PBOUT_H                     
00000222  PBOUT_L                     
00000226  PBREN                       
00000227  PBREN_H                     
00000226  PBREN_L                     
0000022a  PBSEL                       
0000022b  PBSEL_H                     
0000022a  PBSEL_L                     
00000244  PCDIR                       
00000245  PCDIR_H                     
00000244  PCDIR_L                     
00000248  PCDS                        
00000249  PCDS_H                      
00000248  PCDS_L                      
00000240  PCIN                        
00000241  PCIN_H                      
00000240  PCIN_L                      
00000242  PCOUT                       
00000243  PCOUT_H                     
00000242  PCOUT_L                     
00000246  PCREN                       
00000247  PCREN_H                     
00000246  PCREN_L                     
0000024a  PCSEL                       
0000024b  PCSEL_H                     
0000024a  PCSEL_L                     
00000264  PDDIR                       
00000265  PDDIR_H                     
00000264  PDDIR_L                     
00000268  PDDS                        
00000269  PDDS_H                      
00000268  PDDS_L                      
00000260  PDIN                        
00000261  PDIN_H                      
00000260  PDIN_L                      
00000262  PDOUT                       
00000263  PDOUT_H                     
00000262  PDOUT_L                     
00000266  PDREN                       
00000267  PDREN_H                     
00000266  PDREN_L                     
0000026a  PDSEL                       
0000026b  PDSEL_H                     
0000026a  PDSEL_L                     
00000284  PEDIR                       
00000285  PEDIR_H                     
00000284  PEDIR_L                     
00000288  PEDS                        
00000289  PEDS_H                      
00000288  PEDS_L                      
00000280  PEIN                        
00000281  PEIN_H                      
00000280  PEIN_L                      
00000282  PEOUT                       
00000283  PEOUT_H                     
00000282  PEOUT_L                     
00000286  PEREN                       
00000287  PEREN_H                     
00000286  PEREN_L                     
0000028a  PESEL                       
0000028b  PESEL_H                     
0000028a  PESEL_L                     
000002a4  PFDIR                       
000002a5  PFDIR_H                     
000002a4  PFDIR_L                     
000002a8  PFDS                        
000002a9  PFDS_H                      
000002a8  PFDS_L                      
000002a0  PFIN                        
000002a1  PFIN_H                      
000002a0  PFIN_L                      
000002a2  PFOUT                       
000002a3  PFOUT_H                     
000002a2  PFOUT_L                     
000002a6  PFREN                       
000002a7  PFREN_H                     
000002a6  PFREN_L                     
000002aa  PFSEL                       
000002ab  PFSEL_H                     
000002aa  PFSEL_L                     
00000324  PJDIR                       
00000325  PJDIR_H                     
00000324  PJDIR_L                     
00000328  PJDS                        
00000329  PJDS_H                      
00000328  PJDS_L                      
00000320  PJIN                        
00000321  PJIN_H                      
00000320  PJIN_L                      
00000322  PJOUT                       
00000323  PJOUT_H                     
00000322  PJOUT_L                     
00000326  PJREN                       
00000327  PJREN_H                     
00000326  PJREN_L                     
00000130  PM5CTL0                     
00000131  PM5CTL0_H                   
00000130  PM5CTL0_L                   
00000120  PMMCTL0                     
00000121  PMMCTL0_H                   
00000120  PMMCTL0_L                   
00000122  PMMCTL1                     
00000123  PMMCTL1_H                   
00000122  PMMCTL1_L                   
0000012c  PMMIFG                      
0000012d  PMMIFG_H                    
0000012c  PMMIFG_L                    
0000012e  PMMRIE                      
0000012f  PMMRIE_H                    
0000012e  PMMRIE_L                    
000026d6  POST_D                      
000026ce  PREHEAT_D                   
00005e26  Port_2                      
00000158  RCCTL0                      
00000159  RCCTL0_H                    
00000158  RCCTL0_L                    
000026de  REATTEMPTS_D                
000001b0  REFCTL0                     
000001b1  REFCTL0_H                   
000001b0  REFCTL0_L                   
000004e4  RES0                        
000004e5  RES0_H                      
000004e4  RES0_L                      
000004e6  RES1                        
000004e7  RES1_H                      
000004e6  RES1_L                      
000004e8  RES2                        
000004e9  RES2_H                      
000004e8  RES2_L                      
000004ea  RES3                        
000004eb  RES3_H                      
000004ea  RES3_L                      
000026ae  RESET_TMR                   
000004cc  RESHI                       
000004cd  RESHI_H                     
000004cc  RESHI_L                     
000004ca  RESLO                       
000004cb  RESLO_H                     
000004ca  RESLO_L                     
000004ba  RTCADOWDAY                  
000004bb  RTCADOWDAY_H                
000004ba  RTCADOWDAY_L                
000004b8  RTCAMINHR                   
000004b9  RTCAMINHR_H                 
000004b8  RTCAMINHR_L                 
000004a0  RTCCTL01                    
000004a1  RTCCTL01_H                  
000004a0  RTCCTL01_L                  
000004a2  RTCCTL23                    
000004a3  RTCCTL23_H                  
000004a2  RTCCTL23_L                  
000004b4  RTCDATE                     
000004b5  RTCDATE_H                   
000004b4  RTCDATE_L                   
000004ae  RTCIV                       
000004ac  RTCPS                       
000004a8  RTCPS0CTL                   
000004a9  RTCPS0CTL_H                 
000004a8  RTCPS0CTL_L                 
000004aa  RTCPS1CTL                   
000004ab  RTCPS1CTL_H                 
000004aa  RTCPS1CTL_L                 
000004ad  RTCPS_H                     
000004ac  RTCPS_L                     
000004b0  RTCTIM0                     
000004b1  RTCTIM0_H                   
000004b0  RTCTIM0_L                   
000004b2  RTCTIM1                     
000004b3  RTCTIM1_H                   
000004b2  RTCTIM1_L                   
000004b6  RTCYEAR                     
000004b7  RTCYEAR_H                   
000004b6  RTCYEAR_L                   
00015e42  RTC_adjust                  
00016106  RTC_isRunning               
0001610a  RTC_lostTime                
00015d6e  RTC_now                     
00000100  SFRIE1                      
00000101  SFRIE1_H                    
00000100  SFRIE1_L                    
00000102  SFRIFG1                     
00000103  SFRIFG1_H                   
00000102  SFRIFG1_L                   
00000104  SFRRPCR                     
00000105  SFRRPCR_H                   
00000104  SFRRPCR_L                   
000004ce  SUMEXT                      
000004cf  SUMEXT_H                    
000004ce  SUMEXT_L                    
00000124  SVSMHCTL                    
00000125  SVSMHCTL_H                  
00000124  SVSMHCTL_L                  
00000128  SVSMIO                      
00000129  SVSMIO_H                    
00000128  SVSMIO_L                    
00000126  SVSMLCTL                    
00000127  SVSMLCTL_H                  
00000126  SVSMLCTL_L                  
00000198  SYSBERRIV                   
00000199  SYSBERRIV_H                 
00000198  SYSBERRIV_L                 
00000182  SYSBSLC                     
00000183  SYSBSLC_H                   
00000182  SYSBSLC_L                   
00000180  SYSCTL                      
00000181  SYSCTL_H                    
00000180  SYSCTL_L                    
00000186  SYSJMBC                     
00000187  SYSJMBC_H                   
00000186  SYSJMBC_L                   
00000188  SYSJMBI0                    
00000189  SYSJMBI0_H                  
00000188  SYSJMBI0_L                  
0000018a  SYSJMBI1                    
0000018b  SYSJMBI1_H                  
0000018a  SYSJMBI1_L                  
0000018c  SYSJMBO0                    
0000018d  SYSJMBO0_H                  
0000018c  SYSJMBO0_L                  
0000018e  SYSJMBO1                    
0000018f  SYSJMBO1_H                  
0000018e  SYSJMBO1_L                  
0000019e  SYSRSTIV                    
0000019f  SYSRSTIV_H                  
0000019e  SYSRSTIV_L                  
0000019c  SYSSNIV                     
0000019d  SYSSNIV_H                   
0000019c  SYSSNIV_L                   
0000019a  SYSUNIV                     
0000019b  SYSUNIV_H                   
0000019a  SYSUNIV_L                   
00000352  TA0CCR0                     
00000354  TA0CCR1                     
00000356  TA0CCR2                     
00000358  TA0CCR3                     
0000035a  TA0CCR4                     
00000342  TA0CCTL0                    
00000344  TA0CCTL1                    
00000346  TA0CCTL2                    
00000348  TA0CCTL3                    
0000034a  TA0CCTL4                    
00000340  TA0CTL                      
00000360  TA0EX0                      
0000036e  TA0IV                       
00000350  TA0R                        
00000392  TA1CCR0                     
00000394  TA1CCR1                     
00000396  TA1CCR2                     
00000382  TA1CCTL0                    
00000384  TA1CCTL1                    
00000386  TA1CCTL2                    
00000380  TA1CTL                      
000003a0  TA1EX0                      
000003ae  TA1IV                       
00000390  TA1R                        
000003d2  TB0CCR0                     
000003d4  TB0CCR1                     
000003d6  TB0CCR2                     
000003d8  TB0CCR3                     
000003da  TB0CCR4                     
000003dc  TB0CCR5                     
000003de  TB0CCR6                     
000003c2  TB0CCTL0                    
000003c4  TB0CCTL1                    
000003c6  TB0CCTL2                    
000003c8  TB0CCTL3                    
000003ca  TB0CCTL4                    
000003cc  TB0CCTL5                    
000003ce  TB0CCTL6                    
000003c0  TB0CTL                      
000003e0  TB0EX0                      
000003ee  TB0IV                       
000003d0  TB0R                        
00002706  TempCountdown               
00005dd2  Timer_A                     
000005d0  UCA0ABCTL                   
000005c6  UCA0BRW                     
000005c7  UCA0BRW_H                   
000005c6  UCA0BRW_L                   
000005c0  UCA0CTLW0                   
000005c1  UCA0CTLW0_H                 
000005c0  UCA0CTLW0_L                 
000005dc  UCA0ICTL                    
000005dd  UCA0ICTL_H                  
000005dc  UCA0ICTL_L                  
000005d2  UCA0IRCTL                   
000005d3  UCA0IRCTL_H                 
000005d2  UCA0IRCTL_L                 
000005de  UCA0IV                      
000005c8  UCA0MCTL                    
000005cc  UCA0RXBUF                   
000005ca  UCA0STAT                    
000005ce  UCA0TXBUF                   
00000610  UCA1ABCTL                   
00000606  UCA1BRW                     
00000607  UCA1BRW_H                   
00000606  UCA1BRW_L                   
00000600  UCA1CTLW0                   
00000601  UCA1CTLW0_H                 
00000600  UCA1CTLW0_L                 
0000061c  UCA1ICTL                    
0000061d  UCA1ICTL_H                  
0000061c  UCA1ICTL_L                  
00000612  UCA1IRCTL                   
00000613  UCA1IRCTL_H                 
00000612  UCA1IRCTL_L                 
0000061e  UCA1IV                      
00000608  UCA1MCTL                    
0000060c  UCA1RXBUF                   
0000060a  UCA1STAT                    
0000060e  UCA1TXBUF                   
00000650  UCA2ABCTL                   
00000646  UCA2BRW                     
00000647  UCA2BRW_H                   
00000646  UCA2BRW_L                   
00000640  UCA2CTLW0                   
00000641  UCA2CTLW0_H                 
00000640  UCA2CTLW0_L                 
0000065c  UCA2ICTL                    
0000065d  UCA2ICTL_H                  
0000065c  UCA2ICTL_L                  
00000652  UCA2IRCTL                   
00000653  UCA2IRCTL_H                 
00000652  UCA2IRCTL_L                 
0000065e  UCA2IV                      
00000648  UCA2MCTL                    
0000064c  UCA2RXBUF                   
0000064a  UCA2STAT                    
0000064e  UCA2TXBUF                   
00000690  UCA3ABCTL                   
00000686  UCA3BRW                     
00000687  UCA3BRW_H                   
00000686  UCA3BRW_L                   
00000680  UCA3CTLW0                   
00000681  UCA3CTLW0_H                 
00000680  UCA3CTLW0_L                 
0000069c  UCA3ICTL                    
0000069d  UCA3ICTL_H                  
0000069c  UCA3ICTL_L                  
00000692  UCA3IRCTL                   
00000693  UCA3IRCTL_H                 
00000692  UCA3IRCTL_L                 
0000069e  UCA3IV                      
00000688  UCA3MCTL                    
0000068c  UCA3RXBUF                   
0000068a  UCA3STAT                    
0000068e  UCA3TXBUF                   
000005e6  UCB0BRW                     
000005e7  UCB0BRW_H                   
000005e6  UCB0BRW_L                   
000005e0  UCB0CTLW0                   
000005e1  UCB0CTLW0_H                 
000005e0  UCB0CTLW0_L                 
000005f0  UCB0I2COA                   
000005f1  UCB0I2COA_H                 
000005f0  UCB0I2COA_L                 
000005f2  UCB0I2CSA                   
000005f3  UCB0I2CSA_H                 
000005f2  UCB0I2CSA_L                 
000005fc  UCB0ICTL                    
000005fd  UCB0ICTL_H                  
000005fc  UCB0ICTL_L                  
000005fe  UCB0IV                      
000005ec  UCB0RXBUF                   
000005ea  UCB0STAT                    
000005ee  UCB0TXBUF                   
00000626  UCB1BRW                     
00000627  UCB1BRW_H                   
00000626  UCB1BRW_L                   
00000620  UCB1CTLW0                   
00000621  UCB1CTLW0_H                 
00000620  UCB1CTLW0_L                 
00000630  UCB1I2COA                   
00000631  UCB1I2COA_H                 
00000630  UCB1I2COA_L                 
00000632  UCB1I2CSA                   
00000633  UCB1I2CSA_H                 
00000632  UCB1I2CSA_L                 
0000063c  UCB1ICTL                    
0000063d  UCB1ICTL_H                  
0000063c  UCB1ICTL_L                  
0000063e  UCB1IV                      
0000062c  UCB1RXBUF                   
0000062a  UCB1STAT                    
0000062e  UCB1TXBUF                   
00000666  UCB2BRW                     
00000667  UCB2BRW_H                   
00000666  UCB2BRW_L                   
00000660  UCB2CTLW0                   
00000661  UCB2CTLW0_H                 
00000660  UCB2CTLW0_L                 
00000670  UCB2I2COA                   
00000671  UCB2I2COA_H                 
00000670  UCB2I2COA_L                 
00000672  UCB2I2CSA                   
00000673  UCB2I2CSA_H                 
00000672  UCB2I2CSA_L                 
0000067c  UCB2ICTL                    
0000067d  UCB2ICTL_H                  
0000067c  UCB2ICTL_L                  
0000067e  UCB2IV                      
0000066c  UCB2RXBUF                   
0000066a  UCB2STAT                    
0000066e  UCB2TXBUF                   
000006a6  UCB3BRW                     
000006a7  UCB3BRW_H                   
000006a6  UCB3BRW_L                   
000006a0  UCB3CTLW0                   
000006a1  UCB3CTLW0_H                 
000006a0  UCB3CTLW0_L                 
000006b0  UCB3I2COA                   
000006b1  UCB3I2COA_H                 
000006b0  UCB3I2COA_L                 
000006b2  UCB3I2CSA                   
000006b3  UCB3I2CSA_H                 
000006b2  UCB3I2CSA_L                 
000006bc  UCB3ICTL                    
000006bd  UCB3ICTL_H                  
000006bc  UCB3ICTL_L                  
000006be  UCB3IV                      
000006ac  UCB3RXBUF                   
000006aa  UCB3STAT                    
000006ae  UCB3TXBUF                   
00000160  UCSCTL0                     
00000161  UCSCTL0_H                   
00000160  UCSCTL0_L                   
00000162  UCSCTL1                     
00000163  UCSCTL1_H                   
00000162  UCSCTL1_L                   
00000164  UCSCTL2                     
00000165  UCSCTL2_H                   
00000164  UCSCTL2_L                   
00000166  UCSCTL3                     
00000167  UCSCTL3_H                   
00000166  UCSCTL3_L                   
00000168  UCSCTL4                     
00000169  UCSCTL4_H                   
00000168  UCSCTL4_L                   
0000016a  UCSCTL5                     
0000016b  UCSCTL5_H                   
0000016a  UCSCTL5_L                   
0000016c  UCSCTL6                     
0000016d  UCSCTL6_H                   
0000016c  UCSCTL6_L                   
0000016e  UCSCTL7                     
0000016f  UCSCTL7_H                   
0000016e  UCSCTL7_L                   
00000170  UCSCTL8                     
00000171  UCSCTL8_H                   
00000170  UCSCTL8_L                   
00005cee  USCI_A0_ISR                 
00002680  VALUE_12V                   
0000267a  VALUE_24V                   
00002688  VALUE_BAT_TEMP              
0000268e  VALUE_INTERNAL_TEMP         
0000267c  VALUE_PCB_24V               
00002694  VALUE_RPM                   
0000625c  VOLT_char                   
0000015c  WDTCTL                      
0000015d  WDTCTL_H                    
0000015c  WDTCTL_L                    
000160ce  WdtDisable                  
000160d6  WdtEnable                   
000160de  WdtKeepAlive                
000026b6  _ADCs_UPDATED               
00002674  _ADCs_UPDATED_              
000026d8  _ATTEMPT_SP                 
000026a4  _BANK_BMS_TMR_D             
000026a2  _BANK_BMS_TMR_SP            
000026a8  _CELLMONITOR_TMR_D          
000026a6  _CELLMONITOR_TMR_SP         
000026d0  _CRANK_SP                   
000026b8  _DIAGNOSTIC_MODE            
000026ba  _DIAGNOSTIC_MODE_TMR        
000026bc  _DIAGNOSTIC_PAGE            
000026be  _DIAGNOSTIC_PAGES           
000026b4  _FORCE_ENGINE_RUN           
000026b2  _FORCE_LIGHTS_ON            
00002676  _HIGH_SP_24V                
0000269e  _HIGH_SP_BMS                
0000268a  _HIGH_SP_INTERNAL_TEMP      
00002690  _HIGH_SP_RPM                
00002682  _HIGH_SP_TEMP               
0000267e  _LOW_SP_12V                 
00002678  _LOW_SP_24V                 
000026a0  _LOW_SP_BMS                 
0000268c  _LOW_SP_INTERNAL_TEMP       
00002692  _LOW_SP_RPM                 
00002686  _LOW_SP_TEMP                
000026aa  _MAST_STATUS                
00002684  _NOMINAL_SP_TEMP            
000026c0  _OILCHANGE_DUE              
000026d4  _POST_SP                    
000026cc  _PREHEAT_SP                 
000026dc  _REATTEMPTS_SP              
000026ac  _RESETTING_                 
000026e0  _SCREEN_UPDATE_D            
0000269a  _STATE_CODE                 
000026c2  _SYS_FAILURE_               
00002696  _UNIT_MODE                  
00005c00  __STACK_END                 
000000a0  __STACK_SIZE                
UNDEFED   __TI_BINIT_Base             
UNDEFED   __TI_BINIT_Limit            
000062de  __TI_CINIT_Base             
000062ee  __TI_CINIT_Limit            
000062d6  __TI_Handler_Table_Base     
000062de  __TI_Handler_Table_Limit    
UNDEFED   __TI_INITARRAY_Base         
UNDEFED   __TI_INITARRAY_Limit        
00005e66  __TI_ISR_TRAP               
0001600a  __TI_decompress_none        
00016100  __TI_decompress_rle24       
00011298  __TI_frcaddd                
00010000  __TI_frcdivd                
000107f8  __TI_frcmpyd                
0000ffd2  __TI_int41                  
0000ffd4  __TI_int42                  
0000ffd6  __TI_int43                  
0000ffd8  __TI_int44                  
0000ffda  __TI_int45                  
0000ffdc  __TI_int46                  
0000ffde  __TI_int47                  
0000ffe0  __TI_int48                  
0000ffe2  __TI_int49                  
0000ffe4  __TI_int50                  
0000ffe6  __TI_int51                  
0000ffe8  __TI_int52                  
0000ffea  __TI_int53                  
0000ffec  __TI_int54                  
0000ffee  __TI_int55                  
0000fff0  __TI_int56                  
0000fff2  __TI_int57                  
0000fff4  __TI_int58                  
0000fff6  __TI_int59                  
0000fff8  __TI_int60                  
0000fffa  __TI_int61                  
0000fffc  __TI_int62                  
ffffffff  __TI_pprof_out_hndl         
00011732  __TI_printfi                
ffffffff  __TI_prof_data_size         
ffffffff  __TI_prof_data_start        
000146e0  __TI_renormd                
ffffffff  __c_args__                  
00010adc  __mspabi_addd               
00013568  __mspabi_addf               
0001430e  __mspabi_cmpd               
00014c5c  __mspabi_cvtdf              
00015048  __mspabi_cvtfd              
00011dc4  __mspabi_divd               
00014b3e  __mspabi_divf               
00015c76  __mspabi_divi               
00015908  __mspabi_divli              
00015fa4  __mspabi_divu               
0001554a  __mspabi_divul              
00010486  __mspabi_divull             
00015d20  __mspabi_fixdi              
0001525a  __mspabi_fixdli             
0001518a  __mspabi_fixfi              
000160ae  __mspabi_fltid              
000148ea  __mspabi_fltlid             
000156dc  __mspabi_fltlif             
000160f4  __mspabi_fltud              
00015db6  __mspabi_fltuf              
00014dee  __mspabi_fltuld             
00010db4  __mspabi_mpyd               
00014576  __mspabi_mpyf               
00015f4a  __mspabi_mpyi_f5hw          
00015dda  __mspabi_mpyl_f5hw          
00015bec  __mspabi_negd               
00015c76  __mspabi_remi               
00015908  __mspabi_remli              
00015fa4  __mspabi_remu               
0001554a  __mspabi_remul              
00016072  __mspabi_slll               
000159be  __mspabi_slll_1             
0001599a  __mspabi_slll_10            
00015996  __mspabi_slll_11            
00015992  __mspabi_slll_12            
0001598e  __mspabi_slll_13            
0001598a  __mspabi_slll_14            
00015986  __mspabi_slll_15            
000159ba  __mspabi_slll_2             
000159b6  __mspabi_slll_3             
000159b2  __mspabi_slll_4             
000159ae  __mspabi_slll_5             
000159aa  __mspabi_slll_6             
000159a6  __mspabi_slll_7             
000159a2  __mspabi_slll_8             
0001599e  __mspabi_slll_9             
00015a3e  __mspabi_sllll              
00016062  __mspabi_sral               
00015980  __mspabi_sral_1             
0001595c  __mspabi_sral_10            
00015958  __mspabi_sral_11            
00015954  __mspabi_sral_12            
00015950  __mspabi_sral_13            
0001594c  __mspabi_sral_14            
00015948  __mspabi_sral_15            
0001597c  __mspabi_sral_2             
00015978  __mspabi_sral_3             
00015974  __mspabi_sral_4             
00015970  __mspabi_sral_5             
0001596c  __mspabi_sral_6             
00015968  __mspabi_sral_7             
00015964  __mspabi_sral_8             
00015960  __mspabi_sral_9             
00016082  __mspabi_srll               
000159fc  __mspabi_srll_1             
000159d8  __mspabi_srll_10            
000159d4  __mspabi_srll_11            
000159d0  __mspabi_srll_12            
000159cc  __mspabi_srll_13            
000159c8  __mspabi_srll_14            
000159c4  __mspabi_srll_15            
000159f8  __mspabi_srll_2             
000159f4  __mspabi_srll_3             
000159f0  __mspabi_srll_4             
000159ec  __mspabi_srll_5             
000159e8  __mspabi_srll_6             
000159e4  __mspabi_srll_7             
000159e0  __mspabi_srll_8             
000159dc  __mspabi_srll_9             
00015a78  __mspabi_srlll              
00015b5a  __mspabi_subd               
00013562  __mspabi_subf               
000025fc  __screenbuffer              
00002610  __screenbuffer2             
00014d6c  _auto_init_hold_wdt         
00005e4c  _c_int00_noargs_noexit      
00005e6e  _ctypes_                    
0000fffe  _reset_vector               
00005b60  _stack                      
00016112  _system_post_cinit          
0001610e  _system_pre_init            
000160fa  abort                       
000160ba  abs                         
000158c8  asctohex                    
00015326  atoi                        
000061e2  bt_tmp_string               
0001415c  buildButtonStateMachine     
00015f32  buildIdleArray              
00002594  buttonList                  
00011fe6  button_stateMachine         
00016092  checkEngineRPMs             
000160e6  checkOilPressure            
00013c6a  check_BatteryBox_Status     
00014064  check_Engine_Status         
00015e84  clearLine                   
00015f78  clearStateCode              
00006260  colon_char                  
000152c0  copy_in                     
00015c1a  copysign                    
00015c1a  copysignl                   
000026c6  count_RPM_fail              
000026c8  count_oil_fail              
000026c4  count_run                   
000026ca  count_temp_fail             
00015692  datetime                    
00002660  defaultSunrise              
00002666  defaultSunset               
00006004  emptyLine_char              
00006268  empty_char                  
000025dc  engine                      
0001601c  enterLowPowerMode           
0000270a  errno                       
00014792  frexp                       
00014792  frexpl                      
00015ea4  handleCabinetHeating        
00015d92  handleGPSevent              
00015fce  handleLowFuelEvent          
00015c48  handleSystemFailEvent       
000157b6  handle_lighting             
00015886  handle_oilchangeClear       
00015b8c  handle_reset                
000155a2  handle_unitModeIndicator    
000026e2  idleCount                   
00002636  idles                       
00014a1c  inc_secondCounts            
000061f2  int_tmp_string              
000144b2  isQuietTime                 
000137c2  itoa                        
000026e4  lat                         
00012b4c  ldexp                       
00012b4c  ldexpl                      
0000601a  li0                         
00006030  li1                         
000026ec  lng                         
000143e6  loadAnalogData              
00014e6e  ltoa                        
00012cec  main                        
00014f66  mastUpDown                  
00013d6c  mast_stateMachine           
00015ec2  memccpy                     
00015fe2  memcpy                      
00015f8e  memset                      
0000624a  modeArray                   
00006046  modename0                   
0000605c  modename1                   
00006072  modename2                   
00006138  msg1                        
00006088  msg12                       
0000609e  msg13                       
000060b4  msg14                       
000060ca  msg15                       
000060e0  msg16                       
000060f6  msg17                       
0000610c  msg18                       
00006122  msg19                       
00006164  msg2                        
0000614e  msg20                       
0000617a  msg3                        
00006190  msg4                        
000061a6  msg5                        
000061bc  msg6                        
00002646  now                         
00001c00  oldGPSStrings               
00002672  oldGPSStringsIndex          
00012b4c  scalbn                      
00012b4c  scalbnl                     
00015b24  setBatteryHeater            
00015ab2  setContactor                
00015ca2  setEngineRun                
00015d48  setLightsState              
00015ff6  setStateCode                
00012618  set_Engine_State            
00002708  skippp                      
00006262  slash_char                  
000160c4  sleepModeProcess            
00006264  space_char                  
000157fe  sprintf                     
000138f0  store_idleTime              
00015ee0  strcat                      
00015efe  strchr                      
0001602e  strcpy                      
000160a0  strlen                      
00015842  time                        
00016040  toupper                     
000151f2  updateDisplay               
00006266  zero_char                   


GLOBAL SYMBOLS: SORTED BY Symbol Address 

address   name                        
-------   ----                        
000000a0  __STACK_SIZE                
00000100  SFRIE1                      
00000100  SFRIE1_L                    
00000101  SFRIE1_H                    
00000102  SFRIFG1                     
00000102  SFRIFG1_L                   
00000103  SFRIFG1_H                   
00000104  SFRRPCR                     
00000104  SFRRPCR_L                   
00000105  SFRRPCR_H                   
00000120  PMMCTL0                     
00000120  PMMCTL0_L                   
00000121  PMMCTL0_H                   
00000122  PMMCTL1                     
00000122  PMMCTL1_L                   
00000123  PMMCTL1_H                   
00000124  SVSMHCTL                    
00000124  SVSMHCTL_L                  
00000125  SVSMHCTL_H                  
00000126  SVSMLCTL                    
00000126  SVSMLCTL_L                  
00000127  SVSMLCTL_H                  
[...]
00000630  UCB1I2COA                   
00000630  UCB1I2COA_L                 
00000631  UCB1I2COA_H                 
00000632  UCB1I2CSA                   
00000632  UCB1I2CSA_L                 
00000633  UCB1I2CSA_H                 
0000063c  UCB1ICTL                    
0000063c  UCB1ICTL_L                  
0000063d  UCB1ICTL_H                  
0000063e  UCB1IV                      
00000640  UCA2CTLW0                   
00000640  UCA2CTLW0_L                 
00000641  UCA2CTLW0_H                 
00000646  UCA2BRW                     
00000646  UCA2BRW_L                   
00000647  UCA2BRW_H                   
00000648  UCA2MCTL                    
0000064a  UCA2STAT                    
0000064c  UCA2RXBUF                   
0000064e  UCA2TXBUF                   
00000650  UCA2ABCTL                   
00000652  UCA2IRCTL                   
00000652  UCA2IRCTL_L                 
00000653  UCA2IRCTL_H                 
0000065c  UCA2ICTL                    
0000065c  UCA2ICTL_L                  
0000065d  UCA2ICTL_H                  
0000065e  UCA2IV                      
00000660  UCB2CTLW0                   
00000660  UCB2CTLW0_L                 
00000661  UCB2CTLW0_H                 
00000666  UCB2BRW                     
00000666  UCB2BRW_L                   
00000667  UCB2BRW_H                   
0000066a  UCB2STAT                    
0000066c  UCB2RXBUF                   
0000066e  UCB2TXBUF                   
00000670  UCB2I2COA                   
00000670  UCB2I2COA_L                 
00000671  UCB2I2COA_H                 
00000672  UCB2I2CSA                   
00000672  UCB2I2CSA_L                 
00000673  UCB2I2CSA_H                 
0000067c  UCB2ICTL                    
0000067c  UCB2ICTL_L                  
0000067d  UCB2ICTL_H                  
0000067e  UCB2IV                      
00000680  UCA3CTLW0                   
00000680  UCA3CTLW0_L                 
00000681  UCA3CTLW0_H                 
00000686  UCA3BRW                     
00000686  UCA3BRW_L                   
00000687  UCA3BRW_H                   
00000688  UCA3MCTL                    
0000068a  UCA3STAT                    
0000068c  UCA3RXBUF                   
0000068e  UCA3TXBUF                   
00000690  UCA3ABCTL                   
00000692  UCA3IRCTL                   
00000692  UCA3IRCTL_L                 
00000693  UCA3IRCTL_H                 
0000069c  UCA3ICTL                    
0000069c  UCA3ICTL_L                  
0000069d  UCA3ICTL_H                  
0000069e  UCA3IV                      
000006a0  UCB3CTLW0                   
000006a0  UCB3CTLW0_L                 
000006a1  UCB3CTLW0_H                 
000006a6  UCB3BRW                     
000006a6  UCB3BRW_L                   
000006a7  UCB3BRW_H                   
000006aa  UCB3STAT                    
000006ac  UCB3RXBUF                   
000006ae  UCB3TXBUF                   
000006b0  UCB3I2COA                   
000006b0  UCB3I2COA_L                 
000006b1  UCB3I2COA_H                 
000006b2  UCB3I2CSA                   
000006b2  UCB3I2CSA_L                 
000006b3  UCB3I2CSA_H                 
000006bc  UCB3ICTL                    
000006bc  UCB3ICTL_L                  
000006bd  UCB3ICTL_H                  
000006be  UCB3IV                      
00000700  ADC12CTL0                   
00000700  ADC12CTL0_L                 
00000701  ADC12CTL0_H                 
00000702  ADC12CTL1                   
00000702  ADC12CTL1_L                 
00000703  ADC12CTL1_H                 
00000704  ADC12CTL2                   
00000704  ADC12CTL2_L                 
00000705  ADC12CTL2_H                 
0000070a  ADC12IFG                    
0000070a  ADC12IFG_L                  
0000070b  ADC12IFG_H                  
0000070c  ADC12IE                     
0000070c  ADC12IE_L                   
0000070d  ADC12IE_H                   
0000070e  ADC12IV                     
0000070e  ADC12IV_L                   
0000070f  ADC12IV_H                   
00000710  ADC12MCTL0                  
00000711  ADC12MCTL1                  
00000712  ADC12MCTL2                  
00000713  ADC12MCTL3                  
00000714  ADC12MCTL4                  
00000715  ADC12MCTL5                  
00000716  ADC12MCTL6                  
00000717  ADC12MCTL7                  
00000718  ADC12MCTL8                  
00000719  ADC12MCTL9                  
0000071a  ADC12MCTL10                 
0000071b  ADC12MCTL11                 
0000071c  ADC12MCTL12                 
0000071d  ADC12MCTL13                 
0000071e  ADC12MCTL14                 
0000071f  ADC12MCTL15                 
00000720  ADC12MEM0                   
00000720  ADC12MEM0_L                 
00000721  ADC12MEM0_H                 
00000722  ADC12MEM1                   
00000722  ADC12MEM1_L                 
00000723  ADC12MEM1_H                 
00000724  ADC12MEM2                   
00000724  ADC12MEM2_L                 
00000725  ADC12MEM2_H                 
00000726  ADC12MEM3                   
00000726  ADC12MEM3_L                 
00000727  ADC12MEM3_H                 
00000728  ADC12MEM4                   
00000728  ADC12MEM4_L                 
00000729  ADC12MEM4_H                 
0000072a  ADC12MEM5                   
0000072a  ADC12MEM5_L                 
0000072b  ADC12MEM5_H                 
0000072c  ADC12MEM6                   
0000072c  ADC12MEM6_L                 
0000072d  ADC12MEM6_H                 
0000072e  ADC12MEM7                   
0000072e  ADC12MEM7_L                 
0000072f  ADC12MEM7_H                 
00000730  ADC12MEM8                   
00000730  ADC12MEM8_L                 
00000731  ADC12MEM8_H                 
00000732  ADC12MEM9                   
00000732  ADC12MEM9_L                 
00000733  ADC12MEM9_H                 
00000734  ADC12MEM10                  
00000734  ADC12MEM10_L                
00000735  ADC12MEM10_H                
00000736  ADC12MEM11                  
00000736  ADC12MEM11_L                
00000737  ADC12MEM11_H                
00000738  ADC12MEM12                  
00000738  ADC12MEM12_L                
00000739  ADC12MEM12_H                
0000073a  ADC12MEM13                  
0000073a  ADC12MEM13_L                
0000073b  ADC12MEM13_H                
0000073c  ADC12MEM14                  
0000073c  ADC12MEM14_L                
0000073d  ADC12MEM14_H                
0000073e  ADC12MEM15                  
0000073e  ADC12MEM15_L                
0000073f  ADC12MEM15_H                
00001c00  oldGPSStrings               
00002410  GpsInformation              
00002594  buttonList                  
000025dc  engine                      
000025fc  __screenbuffer              
00002610  __screenbuffer2             
00002624  ADC                         
00002636  idles                       
00002646  now                         
00002660  defaultSunrise              
00002666  defaultSunset               
0000266e  GpsMsgOk                    
00002670  GpsStateCountdown           
00002672  oldGPSStringsIndex          
00002674  _ADCs_UPDATED_              
00002676  _HIGH_SP_24V                
00002678  _LOW_SP_24V                 
0000267a  VALUE_24V                   
0000267c  VALUE_PCB_24V               
0000267e  _LOW_SP_12V                 
00002680  VALUE_12V                   
00002682  _HIGH_SP_TEMP               
00002684  _NOMINAL_SP_TEMP            
00002686  _LOW_SP_TEMP                
00002688  VALUE_BAT_TEMP              
0000268a  _HIGH_SP_INTERNAL_TEMP      
0000268c  _LOW_SP_INTERNAL_TEMP       
0000268e  VALUE_INTERNAL_TEMP         
00002690  _HIGH_SP_RPM                
00002692  _LOW_SP_RPM                 
00002694  VALUE_RPM                   
00002696  _UNIT_MODE                  
00002698  LIGHTS1HOUR_TMR             
0000269a  _STATE_CODE                 
0000269c  BMS_EVENT                   
0000269e  _HIGH_SP_BMS                
000026a0  _LOW_SP_BMS                 
000026a2  _BANK_BMS_TMR_SP            
000026a4  _BANK_BMS_TMR_D             
000026a6  _CELLMONITOR_TMR_SP         
000026a8  _CELLMONITOR_TMR_D          
000026aa  _MAST_STATUS                
000026ac  _RESETTING_                 
000026ae  RESET_TMR                   
000026b0  OILCHANGE_PRESS_TMR         
000026b2  _FORCE_LIGHTS_ON            
000026b4  _FORCE_ENGINE_RUN           
000026b6  _ADCs_UPDATED               
000026b8  _DIAGNOSTIC_MODE            
000026ba  _DIAGNOSTIC_MODE_TMR        
000026bc  _DIAGNOSTIC_PAGE            
000026be  _DIAGNOSTIC_PAGES           
000026c0  _OILCHANGE_DUE              
000026c2  _SYS_FAILURE_               
000026c4  count_run                   
000026c6  count_RPM_fail              
000026c8  count_oil_fail              
000026ca  count_temp_fail             
000026cc  _PREHEAT_SP                 
000026ce  PREHEAT_D                   
000026d0  _CRANK_SP                   
000026d2  CRANK_D                     
000026d4  _POST_SP                    
000026d6  POST_D                      
000026d8  _ATTEMPT_SP                 
000026da  ATTEMPT_D                   
000026dc  _REATTEMPTS_SP              
000026de  REATTEMPTS_D                
000026e0  _SCREEN_UPDATE_D            
000026e2  idleCount                   
000026e4  lat                         
000026ec  lng                         
000026f4  OLED_new_line               
00002702  OLED_rows                   
00002706  TempCountdown               
00002708  skippp                      
0000270a  errno                       
00005b60  _stack                      
00005c00  ADC12_ISR                   
00005c00  __STACK_END                 
00005cee  USCI_A0_ISR                 
00005dd2  Timer_A                     
00005e26  Port_2                      
00005e4c  _c_int00_noargs_noexit      
00005e66  __TI_ISR_TRAP               
00005e6e  _ctypes_                    
00006004  emptyLine_char              
0000601a  li0                         
00006030  li1                         
00006046  modename0                   
0000605c  modename1                   
00006072  modename2                   
00006088  msg12                       
0000609e  msg13                       
000060b4  msg14                       
000060ca  msg15                       
000060e0  msg16                       
000060f6  msg17                       
0000610c  msg18                       
00006122  msg19                       
00006138  msg1                        
0000614e  msg20                       
00006164  msg2                        
0000617a  msg3                        
00006190  msg4                        
000061a6  msg5                        
000061bc  msg6                        
000061e2  bt_tmp_string               
000061f2  int_tmp_string              
0000624a  modeArray                   
0000625c  VOLT_char                   
00006260  colon_char                  
00006262  slash_char                  
00006264  space_char                  
00006266  zero_char                   
00006268  empty_char                  
000062d6  __TI_Handler_Table_Base     
000062de  __TI_CINIT_Base             
000062de  __TI_Handler_Table_Limit    
000062ee  __TI_CINIT_Limit            
0000ffd2  __TI_int41                  
0000ffd4  __TI_int42                  
0000ffd6  __TI_int43                  
0000ffd8  __TI_int44                  
0000ffda  __TI_int45                  
0000ffdc  __TI_int46                  
0000ffde  __TI_int47                  
0000ffe0  __TI_int48                  
0000ffe2  __TI_int49                  
0000ffe4  __TI_int50                  
0000ffe6  __TI_int51                  
0000ffe8  __TI_int52                  
0000ffea  __TI_int53                  
0000ffec  __TI_int54                  
0000ffee  __TI_int55                  
0000fff0  __TI_int56                  
0000fff2  __TI_int57                  
0000fff4  __TI_int58                  
0000fff6  __TI_int59                  
0000fff8  __TI_int60                  
0000fffa  __TI_int61                  
0000fffc  __TI_int62                  
0000fffe  _reset_vector               
00010000  __TI_frcdivd                
00010486  __mspabi_divull             
000107f8  __TI_frcmpyd                
00010adc  __mspabi_addd               
00010db4  __mspabi_mpyd               
00011298  __TI_frcaddd                
00011732  __TI_printfi                
0001196e  GpsDecode                   
00011dc4  __mspabi_divd               
00011fe6  button_stateMachine         
00012618  set_Engine_State            
000127f8  DIAG_showVoltage            
00012b4c  ldexp                       
00012b4c  ldexpl                      
00012b4c  scalbn                      
00012b4c  scalbnl                     
00012cec  main                        
00012ffe  DIAG_showDate               
0001342c  Norm_showStateCode          
00013562  __mspabi_subf               
00013568  __mspabi_addf               
00013694  InitializeDisplay           
000137c2  itoa                        
000138f0  store_idleTime              
00013c6a  check_BatteryBox_Status     
00013d6c  mast_stateMachine           
00014064  check_Engine_Status         
0001415c  buildButtonStateMachine     
0001430e  __mspabi_cmpd               
000143e6  loadAnalogData              
000144b2  isQuietTime                 
00014576  __mspabi_mpyf               
0001462e  OLED_sendByte               
000146e0  __TI_renormd                
00014792  frexp                       
00014792  frexpl                      
000148ea  __mspabi_fltlid             
00014a1c  inc_secondCounts            
00014b3e  __mspabi_divf               
00014bce  DIAG_showBatteryTemp        
00014c5c  __mspabi_cvtdf              
00014ce8  DIAG_showInternalTemp       
00014d6c  _auto_init_hold_wdt         
00014dee  __mspabi_fltuld             
00014e6e  ltoa                        
00014f66  mastUpDown                  
00014fda  ConfigureA2D                
00015048  __mspabi_cvtfd              
0001518a  __mspabi_fixfi              
000151f2  updateDisplay               
0001525a  __mspabi_fixdli             
000152c0  copy_in                     
00015326  atoi                        
00015388  InitializeRTC               
000153e6  ConvertInternalTempToCelcius
00015440  OLED_command                
0001549a  OLED_data                   
0001554a  __mspabi_divul              
0001554a  __mspabi_remul              
000155a2  handle_unitModeIndicator    
000155f4  InitializeEngine            
00015692  datetime                    
000156dc  __mspabi_fltlif             
0001576e  OLED_writeLine              
000157b6  handle_lighting             
000157fe  sprintf                     
00015842  time                        
00015886  handle_oilchangeClear       
000158c8  asctohex                    
00015908  __mspabi_divli              
00015908  __mspabi_remli              
00015948  __mspabi_sral_15            
0001594c  __mspabi_sral_14            
00015950  __mspabi_sral_13            
00015954  __mspabi_sral_12            
00015958  __mspabi_sral_11            
0001595c  __mspabi_sral_10            
00015960  __mspabi_sral_9             
00015964  __mspabi_sral_8             
00015968  __mspabi_sral_7             
0001596c  __mspabi_sral_6             
00015970  __mspabi_sral_5             
00015974  __mspabi_sral_4             
00015978  __mspabi_sral_3             
0001597c  __mspabi_sral_2             
00015980  __mspabi_sral_1             
00015986  __mspabi_slll_15            
0001598a  __mspabi_slll_14            
0001598e  __mspabi_slll_13            
00015992  __mspabi_slll_12            
00015996  __mspabi_slll_11            
0001599a  __mspabi_slll_10            
0001599e  __mspabi_slll_9             
000159a2  __mspabi_slll_8             
000159a6  __mspabi_slll_7             
000159aa  __mspabi_slll_6             
000159ae  __mspabi_slll_5             
000159b2  __mspabi_slll_4             
000159b6  __mspabi_slll_3             
000159ba  __mspabi_slll_2             
000159be  __mspabi_slll_1             
000159c4  __mspabi_srll_15            
000159c8  __mspabi_srll_14            
000159cc  __mspabi_srll_13            
000159d0  __mspabi_srll_12            
000159d4  __mspabi_srll_11            
000159d8  __mspabi_srll_10            
000159dc  __mspabi_srll_9             
000159e0  __mspabi_srll_8             
000159e4  __mspabi_srll_7             
000159e8  __mspabi_srll_6             
000159ec  __mspabi_srll_5             
000159f0  __mspabi_srll_4             
000159f4  __mspabi_srll_3             
000159f8  __mspabi_srll_2             
000159fc  __mspabi_srll_1             
00015a02  OLED_clockCycle             
00015a3e  __mspabi_sllll              
00015a78  __mspabi_srlll              
00015ab2  setContactor                
00015aec  InitializeGPS               
00015b24  setBatteryHeater            
00015b5a  __mspabi_subd               
00015b8c  handle_reset                
00015bbe  Norm_showCompanyName        
00015bec  __mspabi_negd               
00015c1a  copysign                    
00015c1a  copysignl                   
00015c48  handleSystemFailEvent       
00015c76  __mspabi_divi               
00015c76  __mspabi_remi               
00015ca2  setEngineRun                
00015cce  ConfigureGPSSerialPort      
00015d20  __mspabi_fixdi              
00015d48  setLightsState              
00015d6e  RTC_now                     
00015d92  handleGPSevent              
00015db6  __mspabi_fltuf              
00015dda  __mspabi_mpyl_f5hw          
00015dfe  Norm_showMode               
00015e20  OLED_clearDisplay           
00015e42  RTC_adjust                  
00015e84  clearLine                   
00015ea4  handleCabinetHeating        
00015ec2  memccpy                     
00015ee0  strcat                      
00015efe  strchr                      
00015f32  buildIdleArray              
00015f4a  __mspabi_mpyi_f5hw          
00015f62  InitializeHardware          
00015f78  clearStateCode              
00015f8e  memset                      
00015fa4  __mspabi_divu               
00015fa4  __mspabi_remu               
00015fce  handleLowFuelEvent          
00015fe2  memcpy                      
00015ff6  setStateCode                
0001600a  __TI_decompress_none        
0001601c  enterLowPowerMode           
0001602e  strcpy                      
00016040  toupper                     
00016052  ConfigureGPSNmeaOutput      
00016062  __mspabi_sral               
00016072  __mspabi_slll               
00016082  __mspabi_srll               
00016092  checkEngineRPMs             
000160a0  strlen                      
000160ae  __mspabi_fltid              
000160ba  abs                         
000160c4  sleepModeProcess            
000160ce  WdtDisable                  
000160d6  WdtEnable                   
000160de  WdtKeepAlive                
000160e6  checkOilPressure            
000160f4  __mspabi_fltud              
000160fa  C$$EXIT                     
000160fa  abort                       
00016100  __TI_decompress_rle24       
00016106  RTC_isRunning               
0001610a  RTC_lostTime                
0001610e  _system_pre_init            
00016112  _system_post_cinit          
ffffffff  __TI_pprof_out_hndl         
ffffffff  __TI_prof_data_size         
ffffffff  __TI_prof_data_start        
ffffffff  __c_args__                  
UNDEFED   __TI_BINIT_Base             
UNDEFED   __TI_BINIT_Limit            
UNDEFED   __TI_INITARRAY_Base         
UNDEFED   __TI_INITARRAY_Limit        

[1014 symbols]
