******************************************************************************
                  MSP430 Linker PC v15.12.1                    
******************************************************************************
>> Linked Fri May 20 13:46:11 2016

OUTPUT FILE NAME:   <vittore.out>
ENTRY POINT SYMBOL: "_c_int00_noargs_noexit"  address: 0000211e


MEMORY CONFIGURATION

         name            origin    length      used     unused   attr    fill
----------------------  --------  ---------  --------  --------  ----  --------
  SFR                   00000000   00000010  00000000  00000010  RWIX
  PERIPHERALS_8BIT      00000010   000000f0  00000000  000000f0  RWIX
  PERIPHERALS_16BIT     00000100   00000100  00000000  00000100  RWIX
  INFOD                 00001000   00000040  00000000  00000040  RWIX
  INFOC                 00001040   00000040  00000000  00000040  RWIX
  INFOB                 00001080   00000040  00000000  00000040  RWIX
  INFOA                 000010c0   00000040  00000000  00000040  RWIX
  RAM                   00001100   00001000  0000007e  00000f82  RWIX
  FLASH                 00002100   0000debe  0000007e  0000de40  RWIX
  BSLSIGNATURE          0000ffbe   00000002  00000002  00000000  RWIX  ffff 
  INT00                 0000ffc0   00000002  00000000  00000002  RWIX
  INT01                 0000ffc2   00000002  00000000  00000002  RWIX
  INT02                 0000ffc4   00000002  00000000  00000002  RWIX
  INT03                 0000ffc6   00000002  00000000  00000002  RWIX
  INT04                 0000ffc8   00000002  00000000  00000002  RWIX
  INT05                 0000ffca   00000002  00000000  00000002  RWIX
  INT06                 0000ffcc   00000002  00000000  00000002  RWIX
  INT07                 0000ffce   00000002  00000000  00000002  RWIX
  INT08                 0000ffd0   00000002  00000000  00000002  RWIX
  INT09                 0000ffd2   00000002  00000000  00000002  RWIX
  INT10                 0000ffd4   00000002  00000000  00000002  RWIX
  INT11                 0000ffd6   00000002  00000000  00000002  RWIX
  INT12                 0000ffd8   00000002  00000000  00000002  RWIX
  INT13                 0000ffda   00000002  00000000  00000002  RWIX
  INT14                 0000ffdc   00000002  00000000  00000002  RWIX
  INT15                 0000ffde   00000002  00000002  00000000  RWIX
  INT16                 0000ffe0   00000002  00000002  00000000  RWIX
  INT17                 0000ffe2   00000002  00000002  00000000  RWIX
  INT18                 0000ffe4   00000002  00000002  00000000  RWIX
  INT19                 0000ffe6   00000002  00000002  00000000  RWIX
  INT20                 0000ffe8   00000002  00000002  00000000  RWIX
  INT21                 0000ffea   00000002  00000002  00000000  RWIX
  INT22                 0000ffec   00000002  00000002  00000000  RWIX
  INT23                 0000ffee   00000002  00000002  00000000  RWIX
  INT24                 0000fff0   00000002  00000002  00000000  RWIX
  INT25                 0000fff2   00000002  00000002  00000000  RWIX
  INT26                 0000fff4   00000002  00000002  00000000  RWIX
  INT27                 0000fff6   00000002  00000002  00000000  RWIX
  INT28                 0000fff8   00000002  00000002  00000000  RWIX
  INT29                 0000fffa   00000002  00000002  00000000  RWIX
  INT30                 0000fffc   00000002  00000002  00000000  RWIX
  RESET                 0000fffe   00000002  00000002  00000000  RWIX
  FLASH2                00010000   00010000  00000486  0000fb7a  RWIX


SECTION ALLOCATION MAP

 output                                  attributes/
section   page    origin      length       input sections
--------  ----  ----------  ----------   ----------------
.data      0    00001100    0000002e     UNINITIALIZED
                  00001100    0000002e     main.obj (.data)

.stack     0    000020b0    00000050     UNINITIALIZED
                  000020b0    00000004     rts430x_lc_rd_eabi.lib : boot.obj (.stack)
                  000020b4    0000004c     --HOLE--

.text:_isr 
*          0    00002100    00000040     
                  00002100    0000001e     main.obj (.text:_isr:Timer_A)
                  0000211e    0000001a     rts430x_lc_rd_eabi.lib : boot_special.obj (.text:_isr:_c_int00_noargs_noexit)
                  00002138    00000008                            : isr_trap.obj (.text:_isr:__TI_ISR_TRAP)

.cinit     0    00002140    0000003e     
                  00002140    0000002d     (.cinit..data.load) [load image, compression = rle]
                  0000216d    00000001     --HOLE-- [fill = 0]
                  0000216e    00000008     (__TI_handler_table)
                  00002176    00000008     (__TI_cinit_table)

.init_array 
*          0    00002100    00000000     UNINITIALIZED

$fill000   0    0000ffbe    00000002     
                  0000ffbe    00000002     --HOLE-- [fill = ffff]

DMA        0    0000ffde    00000002     
                  0000ffde    00000002     rts430x_lc_rd_eabi.lib : int15.obj (.int15)

BASICTIMER 
*          0    0000ffe0    00000002     
                  0000ffe0    00000002     rts430x_lc_rd_eabi.lib : int16.obj (.int16)

PORT2      0    0000ffe2    00000002     
                  0000ffe2    00000002     rts430x_lc_rd_eabi.lib : int17.obj (.int17)

USCIAB1TX 
*          0    0000ffe4    00000002     
                  0000ffe4    00000002     rts430x_lc_rd_eabi.lib : int18.obj (.int18)

USCIAB1RX 
*          0    0000ffe6    00000002     
                  0000ffe6    00000002     rts430x_lc_rd_eabi.lib : int19.obj (.int19)

PORT1      0    0000ffe8    00000002     
                  0000ffe8    00000002     rts430x_lc_rd_eabi.lib : int20.obj (.int20)

TIMERA1    0    0000ffea    00000002     
                  0000ffea    00000002     rts430x_lc_rd_eabi.lib : int21.obj (.int21)

TIMERA0    0    0000ffec    00000002     
                  0000ffec    00000002     main.obj (.int22)

SD16A      0    0000ffee    00000002     
                  0000ffee    00000002     rts430x_lc_rd_eabi.lib : int23.obj (.int23)

USCIAB0TX 
*          0    0000fff0    00000002     
                  0000fff0    00000002     rts430x_lc_rd_eabi.lib : int24.obj (.int24)

USCIAB0RX 
*          0    0000fff2    00000002     
                  0000fff2    00000002     rts430x_lc_rd_eabi.lib : int25.obj (.int25)

WDT        0    0000fff4    00000002     
                  0000fff4    00000002     rts430x_lc_rd_eabi.lib : int26.obj (.int26)

COMPARATORA 
*          0    0000fff6    00000002     
                  0000fff6    00000002     rts430x_lc_rd_eabi.lib : int27.obj (.int27)

TIMERB1    0    0000fff8    00000002     
                  0000fff8    00000002     rts430x_lc_rd_eabi.lib : int28.obj (.int28)

TIMERB0    0    0000fffa    00000002     
                  0000fffa    00000002     rts430x_lc_rd_eabi.lib : int29.obj (.int29)

NMI        0    0000fffc    00000002     
                  0000fffc    00000002     rts430x_lc_rd_eabi.lib : int30.obj (.int30)

.reset     0    0000fffe    00000002     
                  0000fffe    00000002     rts430x_lc_rd_eabi.lib : boot.obj (.reset)

.text      0    00010000    00000486     
                  00010000    0000011a     lcd.obj (.text:OLED_setup)
                  0001011a    00000082     rts430x_lc_rd_eabi.lib : autoinit_wdt.obj (.text:_auto_init_hold_wdt)
                  0001019c    00000076     lcd.obj (.text:OLED_sendByte)
                  00010212    00000068     rts430x_lc_rd_eabi.lib : copy_decompress_rle.obj (.text:__TI_decompress_rle_core)
                  0001027a    00000066                            : cpy_tbl.obj (.text:copy_in)
                  000102e0    00000052     main.obj (.text:main)
                  00010332    00000040     lcd.obj (.text:OLED_data)
                  00010372    00000038     lcd.obj (.text:OLED_command)
                  000103aa    00000028     lcd.obj (.text:OLED_clockCycle)
                  000103d2    00000024     main.obj (.text:setupPorts)
                  000103f6    00000018     rts430x_lc_rd_eabi.lib : mult16_hw.obj (.text)
                  0001040e    00000016     lcd.obj (.text:OLED_clearDisplay)
                  00010424    00000016     rts430x_lc_rd_eabi.lib : div16u.obj (.text)
                  0001043a    00000014     main.obj (.text:handle_secondEvents)
                  0001044e    00000014     rts430x_lc_rd_eabi.lib : memcpy.obj (.text:memcpy)
                  00010462    00000012                            : copy_decompress_none.obj (.text:decompress:none:__TI_decompress_none)
                  00010474    00000006                            : exit.obj (.text:abort)
                  0001047a    00000006                            : copy_decompress_rle.obj (.text:decompress:rle24:__TI_decompress_rle24)
                  00010480    00000004                            : pre_init.obj (.text:_system_pre_init)
                  00010484    00000002                            : startup.obj (.text:_system_post_cinit)

MODULE SUMMARY

       Module                     code   ro data   rw data
       ------                     ----   -------   -------
    .\
       lcd.obj                    582    0         0      
       main.obj                   168    2         46     
    +--+--------------------------+------+---------+---------+
       Total:                     750    2         46     
                                                          
    C:\ti\ccsv6\tools\compiler\ti-cgt-msp430_15.12.1.LTS\lib\rts430x_lc_rd_eabi.lib
       autoinit_wdt.obj           130    0         0      
       copy_decompress_rle.obj    110    0         0      
       cpy_tbl.obj                102    0         0      
       boot_special.obj           26     0         0      
       mult16_hw.obj              24     0         0      
       div16u.obj                 22     0         0      
       memcpy.obj                 20     0         0      
       copy_decompress_none.obj   18     0         0      
       isr_trap.obj               8      0         0      
       exit.obj                   6      0         0      
       pre_init.obj               4      0         0      
       boot.obj                   0      2         0      
       int15.obj                  0      2         0      
       int16.obj                  0      2         0      
       int17.obj                  0      2         0      
       int18.obj                  0      2         0      
       int19.obj                  0      2         0      
       int20.obj                  0      2         0      
       int21.obj                  0      2         0      
       int23.obj                  0      2         0      
       int24.obj                  0      2         0      
       int25.obj                  0      2         0      
       int26.obj                  0      2         0      
       int27.obj                  0      2         0      
       int28.obj                  0      2         0      
       int29.obj                  0      2         0      
       int30.obj                  0      2         0      
       startup.obj                2      0         0      
    +--+--------------------------+------+---------+---------+
       Total:                     472    32        0      
                                                          
       Stack:                     0      0         80     
       Linker Generated:          0      61        0      
    +--+--------------------------+------+---------+---------+
       Grand Total:               1222   95        126    


LINKER GENERATED COPY TABLES

__TI_cinit_table @ 00002176 records: 1, size/record: 8, table size: 8
	.data: load addr=00002140, load size=0000002d bytes, run addr=00001100, run size=0000002e bytes, compression=rle


LINKER GENERATED HANDLER TABLE

__TI_handler_table @ 0000216e records: 2, size/record: 4, table size: 8
	index: 0, handler: __TI_decompress_rle24
	index: 1, handler: __TI_decompress_none


GLOBAL SYMBOLS: SORTED ALPHABETICALLY BY Name 

address   name                    
-------   ----                    
00001122  ATTEMPT_D               
00000046  BTCNT1                  
00000046  BTCNT12                 
00000047  BTCNT2                  
00000040  BTCTL                   
00010474  C$$EXIT                 
00000059  CACTL1                  
0000005a  CACTL2                  
0000005b  CAPD                    
0000111a  CRANK_D                 
000001d0  DMA0CTL                 
000001d6  DMA0DA                  
000001d6  DMA0DAL                 
000001d2  DMA0SA                  
000001d2  DMA0SAL                 
000001da  DMA0SZ                  
000001dc  DMA1CTL                 
000001e2  DMA1DA                  
000001e2  DMA1DAL                 
000001de  DMA1SA                  
000001de  DMA1SAL                 
000001e6  DMA1SZ                  
000001e8  DMA2CTL                 
000001ee  DMA2DA                  
000001ee  DMA2DAL                 
000001ea  DMA2SA                  
000001ea  DMA2SAL                 
000001f2  DMA2SZ                  
00000122  DMACTL0                 
00000124  DMACTL1                 
00000126  DMAIV                   
00000128  FCTL1                   
0000012a  FCTL2                   
0000012c  FCTL3                   
000001be  FCTL4                   
00000053  FLL_CTL0                
00000054  FLL_CTL1                
00000055  FLL_CTL2                
00000000  IE1                     
00000001  IE2                     
00000002  IFG1                    
00000003  IFG2                    
00000090  LCDACTL                 
000000ac  LCDAPCTL0               
000000ad  LCDAPCTL1               
000000ae  LCDAVCTL0               
000000af  LCDAVCTL1               
00000091  LCDM1                   
0000009a  LCDM10                  
0000009b  LCDM11                  
0000009c  LCDM12                  
0000009d  LCDM13                  
0000009e  LCDM14                  
0000009f  LCDM15                  
000000a0  LCDM16                  
000000a1  LCDM17                  
000000a2  LCDM18                  
000000a3  LCDM19                  
00000092  LCDM2                   
000000a4  LCDM20                  
00000093  LCDM3                   
00000094  LCDM4                   
00000095  LCDM5                   
00000096  LCDM6                   
00000097  LCDM7                   
00000098  LCDM8                   
00000099  LCDM9                   
00000134  MAC                     
0000014a  MAC32H                  
0000014a  MAC32H_B                
00000148  MAC32L                  
00000148  MAC32L_B                
00000136  MACS                    
0000014e  MACS32H                 
0000014e  MACS32H_B               
0000014c  MACS32L                 
0000014c  MACS32L_B               
00000136  MACS_B                  
00000134  MAC_B                   
00000130  MPY                     
0000015c  MPY32CTL0               
00000142  MPY32H                  
00000142  MPY32H_B                
00000140  MPY32L                  
00000140  MPY32L_B                
00000132  MPYS                    
00000146  MPYS32H                 
00000146  MPYS32H_B               
00000144  MPYS32L                 
00000144  MPYS32L_B               
00000132  MPYS_B                  
00000130  MPY_B                   
0001040e  OLED_clearDisplay       
000103aa  OLED_clockCycle         
00010372  OLED_command            
00010332  OLED_data               
0001019c  OLED_sendByte           
00010000  OLED_setup              
00000138  OP2                     
00000152  OP2H                    
00000152  OP2H_B                  
00000150  OP2L                    
00000150  OP2L_B                  
00000138  OP2_B                   
0000000d  P10DIR                  
00000009  P10IN                   
0000000b  P10OUT                  
00000017  P10REN                  
0000000f  P10SEL                  
00000022  P1DIR                   
00000025  P1IE                    
00000024  P1IES                   
00000023  P1IFG                   
00000020  P1IN                    
00000021  P1OUT                   
00000027  P1REN                   
00000026  P1SEL                   
0000002a  P2DIR                   
0000002d  P2IE                    
0000002c  P2IES                   
0000002b  P2IFG                   
00000028  P2IN                    
00000029  P2OUT                   
0000002f  P2REN                   
0000002e  P2SEL                   
0000001a  P3DIR                   
00000018  P3IN                    
00000019  P3OUT                   
00000010  P3REN                   
0000001b  P3SEL                   
0000001e  P4DIR                   
0000001c  P4IN                    
0000001d  P4OUT                   
00000011  P4REN                   
0000001f  P4SEL                   
00000032  P5DIR                   
00000030  P5IN                    
00000031  P5OUT                   
00000012  P5REN                   
00000033  P5SEL                   
0000003c  P7DIR                   
00000038  P7IN                    
0000003a  P7OUT                   
00000014  P7REN                   
0000003e  P7SEL                   
0000003d  P8DIR                   
00000039  P8IN                    
0000003b  P8OUT                   
00000015  P8REN                   
0000003f  P8SEL                   
0000000c  P9DIR                   
00000008  P9IN                    
0000000a  P9OUT                   
00000016  P9REN                   
0000000e  P9SEL                   
0000003c  PADIR                   
00000038  PAIN                    
0000003a  PAOUT                   
00000014  PAREN                   
0000003e  PASEL                   
0000000c  PBDIR                   
00000008  PBIN                    
0000000a  PBOUT                   
00000016  PBREN                   
0000000e  PBSEL                   
0000111e  POST_D                  
00001116  PREHEAT_D               
00001126  REATTEMPTS_D            
00000154  RES0                    
00000156  RES1                    
00000158  RES2                    
0000015a  RES3                    
0000013c  RESHI                   
0000013a  RESLO                   
00000041  RTCCTL                  
0000004c  RTCDATE                 
0000004c  RTCDAY                  
0000004d  RTCMON                  
00000042  RTCNT1                  
00000043  RTCNT2                  
00000044  RTCNT3                  
00000045  RTCNT4                  
00000042  RTCTIM0                 
00000044  RTCTIM1                 
00000040  RTCTL                   
0000004e  RTCYEAR                 
0000004f  RTCYEARH                
0000004e  RTCYEARL                
00000050  SCFI0                   
00000051  SCFI1                   
00000052  SCFQCTL                 
00000102  SD16CCTL0               
00000104  SD16CCTL1               
00000106  SD16CCTL2               
00000108  SD16CCTL3               
0000010a  SD16CCTL4               
0000010c  SD16CCTL5               
0000010e  SD16CCTL6               
000000bf  SD16CONF1               
00000100  SD16CTL                 
000000b0  SD16INCTL0              
000000b1  SD16INCTL1              
000000b2  SD16INCTL2              
000000b3  SD16INCTL3              
000000b4  SD16INCTL4              
000000b5  SD16INCTL5              
000000b6  SD16INCTL6              
000001ae  SD16IV                  
00000110  SD16MEM0                
00000112  SD16MEM1                
00000114  SD16MEM2                
00000116  SD16MEM3                
00000118  SD16MEM4                
0000011a  SD16MEM5                
0000011c  SD16MEM6                
000000b8  SD16PRE0                
000000b9  SD16PRE1                
000000ba  SD16PRE2                
000000bb  SD16PRE3                
000000bc  SD16PRE4                
000000bd  SD16PRE5                
000000be  SD16PRE6                
0000013e  SUMEXT                  
00000056  SVSCTL                  
00000172  TACCR0                  
00000174  TACCR1                  
00000176  TACCR2                  
00000162  TACCTL0                 
00000164  TACCTL1                 
00000166  TACCTL2                 
00000160  TACTL                   
0000012e  TAIV                    
00000170  TAR                     
00000192  TBCCR0                  
00000194  TBCCR1                  
00000196  TBCCR2                  
00000182  TBCCTL0                 
00000184  TBCCTL1                 
00000186  TBCCTL2                 
00000180  TBCTL                   
0000011e  TBIV                    
00000190  TBR                     
00002100  Timer_A                 
00000006  UC1IE                   
00000007  UC1IFG                  
0000005d  UCA0ABCTL               
00000062  UCA0BR0                 
00000063  UCA0BR1                 
00000060  UCA0CTL0                
00000061  UCA0CTL1                
0000005f  UCA0IRRCTL              
0000005e  UCA0IRTCTL              
00000064  UCA0MCTL                
00000066  UCA0RXBUF               
00000065  UCA0STAT                
00000067  UCA0TXBUF               
000000cd  UCA1ABCTL               
000000d2  UCA1BR0                 
000000d3  UCA1BR1                 
000000d0  UCA1CTL0                
000000d1  UCA1CTL1                
000000cf  UCA1IRRCTL              
000000ce  UCA1IRTCTL              
000000d4  UCA1MCTL                
000000d6  UCA1RXBUF               
000000d5  UCA1STAT                
000000d7  UCA1TXBUF               
0000006a  UCB0BR0                 
0000006b  UCB0BR1                 
00000068  UCB0CTL0                
00000069  UCB0CTL1                
0000006c  UCB0I2CIE               
0000016c  UCB0I2COA               
0000016e  UCB0I2CSA               
0000006e  UCB0RXBUF               
0000006d  UCB0STAT                
0000006f  UCB0TXBUF               
000000da  UCB1BR0                 
000000db  UCB1BR1                 
000000d8  UCB1CTL0                
000000d9  UCB1CTL1                
000000dc  UCB1I2CIE               
0000017c  UCB1I2COA               
0000017e  UCB1I2CSA               
000000de  UCB1RXBUF               
000000dd  UCB1STAT                
000000df  UCB1TXBUF               
00000120  WDTCTL                  
00001120  _ATTEMPT_SP             
00001118  _CRANK_SP               
00001100  _HIGH_SP_24V            
00001104  _HIGH_SP_BMS            
0000110a  _HIGH_SP_TEMP           
00001108  _LOW_SP_12V             
00001102  _LOW_SP_24V             
00001106  _LOW_SP_BMS             
0000110e  _LOW_SP_TEMP            
0000110c  _NOMINAL_SP_TEMP        
0000111c  _POST_SP                
00001114  _PREHEAT_SP             
00001124  _REATTEMPTS_SP          
00001112  _STATE_CODE             
00001110  _UNIT_MODE              
00002100  __STACK_END             
00000050  __STACK_SIZE            
UNDEFED   __TI_BINIT_Base         
UNDEFED   __TI_BINIT_Limit        
00002176  __TI_CINIT_Base         
0000217e  __TI_CINIT_Limit        
0000216e  __TI_Handler_Table_Base 
00002176  __TI_Handler_Table_Limit
UNDEFED   __TI_INITARRAY_Base     
UNDEFED   __TI_INITARRAY_Limit    
00002138  __TI_ISR_TRAP           
00010462  __TI_decompress_none    
0001047a  __TI_decompress_rle24   
0000ffde  __TI_int15              
0000ffe0  __TI_int16              
0000ffe2  __TI_int17              
0000ffe4  __TI_int18              
0000ffe6  __TI_int19              
0000ffe8  __TI_int20              
0000ffea  __TI_int21              
0000ffec  __TI_int22              
0000ffee  __TI_int23              
0000fff0  __TI_int24              
0000fff2  __TI_int25              
0000fff4  __TI_int26              
0000fff6  __TI_int27              
0000fff8  __TI_int28              
0000fffa  __TI_int29              
0000fffc  __TI_int30              
ffffffff  __TI_pprof_out_hndl     
ffffffff  __TI_prof_data_size     
ffffffff  __TI_prof_data_start    
ffffffff  __c_args__              
00010424  __mspabi_divu           
000103f6  __mspabi_mpyi_hw        
00010424  __mspabi_remu           
0001011a  _auto_init_hold_wdt     
0000211e  _c_int00_noargs_noexit  
0000fffe  _reset_vector           
000020b0  _stack                  
00010484  _system_post_cinit      
00010480  _system_pre_init        
00010474  abort                   
0000112c  checkMask               
0001027a  copy_in                 
0001043a  handle_secondEvents     
000102e0  main                    
0001044e  memcpy                  
000103d2  setupPorts              


GLOBAL SYMBOLS: SORTED BY Symbol Address 

address   name                    
-------   ----                    
00000000  IE1                     
00000001  IE2                     
00000002  IFG1                    
00000003  IFG2                    
00000006  UC1IE                   
00000007  UC1IFG                  
00000008  P9IN                    
00000008  PBIN                    
00000009  P10IN                   
0000000a  P9OUT                   
0000000a  PBOUT                   
0000000b  P10OUT                  
0000000c  P9DIR                   
0000000c  PBDIR                   
0000000d  P10DIR                  
0000000e  P9SEL                   
0000000e  PBSEL                   
0000000f  P10SEL                  
00000010  P3REN                   
00000011  P4REN                   
00000012  P5REN                   
00000014  P7REN                   
00000014  PAREN                   
00000015  P8REN                   
00000016  P9REN                   
00000016  PBREN                   
00000017  P10REN                  
00000018  P3IN                    
00000019  P3OUT                   
0000001a  P3DIR                   
0000001b  P3SEL                   
0000001c  P4IN                    
0000001d  P4OUT                   
0000001e  P4DIR                   
0000001f  P4SEL                   
00000020  P1IN                    
00000021  P1OUT                   
00000022  P1DIR                   
00000023  P1IFG                   
00000024  P1IES                   
00000025  P1IE                    
00000026  P1SEL                   
00000027  P1REN                   
00000028  P2IN                    
00000029  P2OUT                   
0000002a  P2DIR                   
0000002b  P2IFG                   
0000002c  P2IES                   
0000002d  P2IE                    
0000002e  P2SEL                   
0000002f  P2REN                   
00000030  P5IN                    
00000031  P5OUT                   
00000032  P5DIR                   
00000033  P5SEL                   
00000038  P7IN                    
00000038  PAIN                    
00000039  P8IN                    
0000003a  P7OUT                   
0000003a  PAOUT                   
0000003b  P8OUT                   
0000003c  P7DIR                   
0000003c  PADIR                   
0000003d  P8DIR                   
0000003e  P7SEL                   
0000003e  PASEL                   
0000003f  P8SEL                   
00000040  BTCTL                   
00000040  RTCTL                   
00000041  RTCCTL                  
00000042  RTCNT1                  
00000042  RTCTIM0                 
00000043  RTCNT2                  
00000044  RTCNT3                  
00000044  RTCTIM1                 
00000045  RTCNT4                  
00000046  BTCNT1                  
00000046  BTCNT12                 
00000047  BTCNT2                  
0000004c  RTCDATE                 
0000004c  RTCDAY                  
0000004d  RTCMON                  
0000004e  RTCYEAR                 
0000004e  RTCYEARL                
0000004f  RTCYEARH                
00000050  SCFI0                   
00000050  __STACK_SIZE            
00000051  SCFI1                   
00000052  SCFQCTL                 
00000053  FLL_CTL0                
00000054  FLL_CTL1                
00000055  FLL_CTL2                
00000056  SVSCTL                  
00000059  CACTL1                  
0000005a  CACTL2                  
0000005b  CAPD                    
0000005d  UCA0ABCTL               
0000005e  UCA0IRTCTL              
0000005f  UCA0IRRCTL              
00000060  UCA0CTL0                
00000061  UCA0CTL1                
00000062  UCA0BR0                 
00000063  UCA0BR1                 
00000064  UCA0MCTL                
00000065  UCA0STAT                
00000066  UCA0RXBUF               
00000067  UCA0TXBUF               
00000068  UCB0CTL0                
00000069  UCB0CTL1                
0000006a  UCB0BR0                 
0000006b  UCB0BR1                 
0000006c  UCB0I2CIE               
0000006d  UCB0STAT                
0000006e  UCB0RXBUF               
0000006f  UCB0TXBUF               
00000090  LCDACTL                 
00000091  LCDM1                   
00000092  LCDM2                   
00000093  LCDM3                   
00000094  LCDM4                   
00000095  LCDM5                   
00000096  LCDM6                   
00000097  LCDM7                   
00000098  LCDM8                   
00000099  LCDM9                   
0000009a  LCDM10                  
0000009b  LCDM11                  
0000009c  LCDM12                  
0000009d  LCDM13                  
0000009e  LCDM14                  
0000009f  LCDM15                  
000000a0  LCDM16                  
000000a1  LCDM17                  
000000a2  LCDM18                  
000000a3  LCDM19                  
000000a4  LCDM20                  
000000ac  LCDAPCTL0               
000000ad  LCDAPCTL1               
000000ae  LCDAVCTL0               
000000af  LCDAVCTL1               
000000b0  SD16INCTL0              
000000b1  SD16INCTL1              
000000b2  SD16INCTL2              
000000b3  SD16INCTL3              
000000b4  SD16INCTL4              
000000b5  SD16INCTL5              
000000b6  SD16INCTL6              
000000b8  SD16PRE0                
000000b9  SD16PRE1                
000000ba  SD16PRE2                
000000bb  SD16PRE3                
000000bc  SD16PRE4                
000000bd  SD16PRE5                
000000be  SD16PRE6                
000000bf  SD16CONF1               
000000cd  UCA1ABCTL               
000000ce  UCA1IRTCTL              
000000cf  UCA1IRRCTL              
000000d0  UCA1CTL0                
000000d1  UCA1CTL1                
000000d2  UCA1BR0                 
000000d3  UCA1BR1                 
000000d4  UCA1MCTL                
000000d5  UCA1STAT                
000000d6  UCA1RXBUF               
000000d7  UCA1TXBUF               
000000d8  UCB1CTL0                
000000d9  UCB1CTL1                
000000da  UCB1BR0                 
000000db  UCB1BR1                 
000000dc  UCB1I2CIE               
000000dd  UCB1STAT                
000000de  UCB1RXBUF               
000000df  UCB1TXBUF               
00000100  SD16CTL                 
00000102  SD16CCTL0               
00000104  SD16CCTL1               
00000106  SD16CCTL2               
00000108  SD16CCTL3               
0000010a  SD16CCTL4               
0000010c  SD16CCTL5               
0000010e  SD16CCTL6               
00000110  SD16MEM0                
00000112  SD16MEM1                
00000114  SD16MEM2                
00000116  SD16MEM3                
00000118  SD16MEM4                
0000011a  SD16MEM5                
0000011c  SD16MEM6                
0000011e  TBIV                    
00000120  WDTCTL                  
00000122  DMACTL0                 
00000124  DMACTL1                 
00000126  DMAIV                   
00000128  FCTL1                   
0000012a  FCTL2                   
0000012c  FCTL3                   
0000012e  TAIV                    
00000130  MPY                     
00000130  MPY_B                   
00000132  MPYS                    
00000132  MPYS_B                  
00000134  MAC                     
00000134  MAC_B                   
00000136  MACS                    
00000136  MACS_B                  
00000138  OP2                     
00000138  OP2_B                   
0000013a  RESLO                   
0000013c  RESHI                   
0000013e  SUMEXT                  
00000140  MPY32L                  
00000140  MPY32L_B                
00000142  MPY32H                  
00000142  MPY32H_B                
00000144  MPYS32L                 
00000144  MPYS32L_B               
00000146  MPYS32H                 
00000146  MPYS32H_B               
00000148  MAC32L                  
00000148  MAC32L_B                
0000014a  MAC32H                  
0000014a  MAC32H_B                
0000014c  MACS32L                 
0000014c  MACS32L_B               
0000014e  MACS32H                 
0000014e  MACS32H_B               
00000150  OP2L                    
00000150  OP2L_B                  
00000152  OP2H                    
00000152  OP2H_B                  
00000154  RES0                    
00000156  RES1                    
00000158  RES2                    
0000015a  RES3                    
0000015c  MPY32CTL0               
00000160  TACTL                   
00000162  TACCTL0                 
00000164  TACCTL1                 
00000166  TACCTL2                 
0000016c  UCB0I2COA               
0000016e  UCB0I2CSA               
00000170  TAR                     
00000172  TACCR0                  
00000174  TACCR1                  
00000176  TACCR2                  
0000017c  UCB1I2COA               
0000017e  UCB1I2CSA               
00000180  TBCTL                   
00000182  TBCCTL0                 
00000184  TBCCTL1                 
00000186  TBCCTL2                 
00000190  TBR                     
00000192  TBCCR0                  
00000194  TBCCR1                  
00000196  TBCCR2                  
000001ae  SD16IV                  
000001be  FCTL4                   
000001d0  DMA0CTL                 
000001d2  DMA0SA                  
000001d2  DMA0SAL                 
000001d6  DMA0DA                  
000001d6  DMA0DAL                 
000001da  DMA0SZ                  
000001dc  DMA1CTL                 
000001de  DMA1SA                  
000001de  DMA1SAL                 
000001e2  DMA1DA                  
000001e2  DMA1DAL                 
000001e6  DMA1SZ                  
000001e8  DMA2CTL                 
000001ea  DMA2SA                  
000001ea  DMA2SAL                 
000001ee  DMA2DA                  
000001ee  DMA2DAL                 
000001f2  DMA2SZ                  
00001100  _HIGH_SP_24V            
00001102  _LOW_SP_24V             
00001104  _HIGH_SP_BMS            
00001106  _LOW_SP_BMS             
00001108  _LOW_SP_12V             
0000110a  _HIGH_SP_TEMP           
0000110c  _NOMINAL_SP_TEMP        
0000110e  _LOW_SP_TEMP            
00001110  _UNIT_MODE              
00001112  _STATE_CODE             
00001114  _PREHEAT_SP             
00001116  PREHEAT_D               
00001118  _CRANK_SP               
0000111a  CRANK_D                 
0000111c  _POST_SP                
0000111e  POST_D                  
00001120  _ATTEMPT_SP             
00001122  ATTEMPT_D               
00001124  _REATTEMPTS_SP          
00001126  REATTEMPTS_D            
0000112c  checkMask               
000020b0  _stack                  
00002100  Timer_A                 
00002100  __STACK_END             
0000211e  _c_int00_noargs_noexit  
00002138  __TI_ISR_TRAP           
0000216e  __TI_Handler_Table_Base 
00002176  __TI_CINIT_Base         
00002176  __TI_Handler_Table_Limit
0000217e  __TI_CINIT_Limit        
0000ffde  __TI_int15              
0000ffe0  __TI_int16              
0000ffe2  __TI_int17              
0000ffe4  __TI_int18              
0000ffe6  __TI_int19              
0000ffe8  __TI_int20              
0000ffea  __TI_int21              
0000ffec  __TI_int22              
0000ffee  __TI_int23              
0000fff0  __TI_int24              
0000fff2  __TI_int25              
0000fff4  __TI_int26              
0000fff6  __TI_int27              
0000fff8  __TI_int28              
0000fffa  __TI_int29              
0000fffc  __TI_int30              
0000fffe  _reset_vector           
00010000  OLED_setup              
0001011a  _auto_init_hold_wdt     
0001019c  OLED_sendByte           
0001027a  copy_in                 
000102e0  main                    
00010332  OLED_data               
00010372  OLED_command            
000103aa  OLED_clockCycle         
000103d2  setupPorts              
000103f6  __mspabi_mpyi_hw        
0001040e  OLED_clearDisplay       
00010424  __mspabi_divu           
00010424  __mspabi_remu           
0001043a  handle_secondEvents     
0001044e  memcpy                  
00010462  __TI_decompress_none    
00010474  C$$EXIT                 
00010474  abort                   
0001047a  __TI_decompress_rle24   
00010480  _system_pre_init        
00010484  _system_post_cinit      
ffffffff  __TI_pprof_out_hndl     
ffffffff  __TI_prof_data_size     
ffffffff  __TI_prof_data_start    
ffffffff  __c_args__              
UNDEFED   __TI_BINIT_Base         
UNDEFED   __TI_BINIT_Limit        
UNDEFED   __TI_INITARRAY_Base     
UNDEFED   __TI_INITARRAY_Limit    

[352 symbols]
